Archive member included to satisfy reference by file (symbol)

/usr/lib/gcc/arm-none-eabi/12.2.0/thumb/v6-m/nofp/libgcc.a(_dvmd_tls.o)
                              CMakeFiles/pico_tag.dir/usr/share/pico-sdk/src/rp2_common/pico_divider/divider.S.obj (__aeabi_idiv0)
/usr/lib/gcc/arm-none-eabi/12.2.0/../../../../arm-none-eabi/lib/thumb/v6-m/nofp/libc.a(libc_a-atexit.o)
                              /usr/lib/gcc/arm-none-eabi/12.2.0/../../../../arm-none-eabi/lib/thumb/v6-m/nofp/crt0.o (atexit)
/usr/lib/gcc/arm-none-eabi/12.2.0/../../../../arm-none-eabi/lib/thumb/v6-m/nofp/libc.a(libc_a-calloc.o)
                              CMakeFiles/pico_tag.dir/usr/share/pico-sdk/src/rp2_common/pico_malloc/pico_malloc.c.obj (calloc)
/usr/lib/gcc/arm-none-eabi/12.2.0/../../../../arm-none-eabi/lib/thumb/v6-m/nofp/libc.a(libc_a-callocr.o)
                              /usr/lib/gcc/arm-none-eabi/12.2.0/../../../../arm-none-eabi/lib/thumb/v6-m/nofp/libc.a(libc_a-calloc.o) (_calloc_r)
/usr/lib/gcc/arm-none-eabi/12.2.0/../../../../arm-none-eabi/lib/thumb/v6-m/nofp/libc.a(libc_a-malloc.o)
                              CMakeFiles/pico_tag.dir/usr/share/pico-sdk/src/rp2_common/pico_malloc/pico_malloc.c.obj (malloc)
/usr/lib/gcc/arm-none-eabi/12.2.0/../../../../arm-none-eabi/lib/thumb/v6-m/nofp/libc.a(libc_a-mallocr.o)
                              /usr/lib/gcc/arm-none-eabi/12.2.0/../../../../arm-none-eabi/lib/thumb/v6-m/nofp/libc.a(libc_a-callocr.o) (_malloc_r)
/usr/lib/gcc/arm-none-eabi/12.2.0/../../../../arm-none-eabi/lib/thumb/v6-m/nofp/libc.a(libc_a-mlock.o)
                              /usr/lib/gcc/arm-none-eabi/12.2.0/../../../../arm-none-eabi/lib/thumb/v6-m/nofp/libc.a(libc_a-mallocr.o) (__malloc_lock)
/usr/lib/gcc/arm-none-eabi/12.2.0/../../../../arm-none-eabi/lib/thumb/v6-m/nofp/libc.a(libc_a-realloc.o)
                              CMakeFiles/pico_tag.dir/usr/share/pico-sdk/src/rp2_common/pico_malloc/pico_malloc.c.obj (realloc)
/usr/lib/gcc/arm-none-eabi/12.2.0/../../../../arm-none-eabi/lib/thumb/v6-m/nofp/libc.a(libc_a-reallocr.o)
                              /usr/lib/gcc/arm-none-eabi/12.2.0/../../../../arm-none-eabi/lib/thumb/v6-m/nofp/libc.a(libc_a-realloc.o) (_realloc_r)
/usr/lib/gcc/arm-none-eabi/12.2.0/../../../../arm-none-eabi/lib/thumb/v6-m/nofp/libc.a(libc_a-memcmp.o)
                              CMakeFiles/pico_tag.dir/usr/share/pico-sdk/lib/btstack/src/ble/att_db.c.obj (memcmp)
/usr/lib/gcc/arm-none-eabi/12.2.0/../../../../arm-none-eabi/lib/thumb/v6-m/nofp/libc.a(libc_a-memmove.o)
                              CMakeFiles/pico_tag.dir/usr/share/pico-sdk/lib/btstack/src/ble/gatt-service/hids_client.c.obj (memmove)
/usr/lib/gcc/arm-none-eabi/12.2.0/../../../../arm-none-eabi/lib/thumb/v6-m/nofp/libc.a(libc_a-strncmp.o)
                              CMakeFiles/pico_tag.dir/usr/share/pico-sdk/lib/cyw43-driver/src/cyw43_ll.c.obj (strncmp)
/usr/lib/gcc/arm-none-eabi/12.2.0/../../../../arm-none-eabi/lib/thumb/v6-m/nofp/libc.a(libc_a-impure.o)
                              /usr/lib/gcc/arm-none-eabi/12.2.0/../../../../arm-none-eabi/lib/thumb/v6-m/nofp/libc.a(libc_a-calloc.o) (_impure_ptr)
/usr/lib/gcc/arm-none-eabi/12.2.0/../../../../arm-none-eabi/lib/thumb/v6-m/nofp/libc.a(libc_a-sbrkr.o)
                              /usr/lib/gcc/arm-none-eabi/12.2.0/../../../../arm-none-eabi/lib/thumb/v6-m/nofp/libc.a(libc_a-mallocr.o) (_sbrk_r)
/usr/lib/gcc/arm-none-eabi/12.2.0/../../../../arm-none-eabi/lib/thumb/v6-m/nofp/libc.a(libc_a-errno.o)
                              /usr/lib/gcc/arm-none-eabi/12.2.0/../../../../arm-none-eabi/lib/thumb/v6-m/nofp/libc.a(libc_a-callocr.o) (__errno)
/usr/lib/gcc/arm-none-eabi/12.2.0/../../../../arm-none-eabi/lib/thumb/v6-m/nofp/libc.a(libc_a-init.o)
                              /usr/lib/gcc/arm-none-eabi/12.2.0/../../../../arm-none-eabi/lib/thumb/v6-m/nofp/crt0.o (__libc_init_array)
/usr/lib/gcc/arm-none-eabi/12.2.0/../../../../arm-none-eabi/lib/thumb/v6-m/nofp/libc.a(libc_a-fini.o)
                              /usr/lib/gcc/arm-none-eabi/12.2.0/../../../../arm-none-eabi/lib/thumb/v6-m/nofp/crt0.o (__libc_fini_array)
/usr/lib/gcc/arm-none-eabi/12.2.0/../../../../arm-none-eabi/lib/thumb/v6-m/nofp/libc.a(libc_a-lock.o)
                              /usr/lib/gcc/arm-none-eabi/12.2.0/../../../../arm-none-eabi/lib/thumb/v6-m/nofp/libc.a(libc_a-mlock.o) (__retarget_lock_acquire_recursive)
/usr/lib/gcc/arm-none-eabi/12.2.0/../../../../arm-none-eabi/lib/thumb/v6-m/nofp/libc.a(libc_a-sysconf.o)
                              /usr/lib/gcc/arm-none-eabi/12.2.0/../../../../arm-none-eabi/lib/thumb/v6-m/nofp/libc.a(libc_a-mallocr.o) (sysconf)
/usr/lib/gcc/arm-none-eabi/12.2.0/../../../../arm-none-eabi/lib/thumb/v6-m/nofp/libc.a(libc_a-strlen-stub.o)
                              CMakeFiles/pico_tag.dir/usr/share/pico-sdk/src/rp2_common/pico_stdio/stdio.c.obj (strlen)
/usr/lib/gcc/arm-none-eabi/12.2.0/../../../../arm-none-eabi/lib/thumb/v6-m/nofp/libc.a(libc_a-__atexit.o)
[...]
Memory Configuration

Name             Origin             Length             Attributes
FLASH            0x0000000010000000 0x0000000000200000 xr
RAM              0x0000000020000000 0x0000000000040000 xrw
SCRATCH_X        0x0000000020040000 0x0000000000001000 xrw
SCRATCH_Y        0x0000000020041000 0x0000000000001000 xrw
*default*        0x0000000000000000 0xffffffffffffffff

Linker script and memory map

LOAD /usr/lib/gcc/arm-none-eabi/12.2.0/thumb/v6-m/nofp/crti.o
LOAD /usr/lib/gcc/arm-none-eabi/12.2.0/thumb/v6-m/nofp/crtbegin.o
LOAD /usr/lib/gcc/arm-none-eabi/12.2.0/../../../../arm-none-eabi/lib/thumb/v6-m/nofp/crt0.o

.flash_begin    0x0000000010000000        0x0
                0x0000000010000000                __flash_binary_start = .

.boot2          0x0000000010000000      0x100
                0x0000000010000000                __boot2_start__ = .
 *(.boot2)
 .boot2         0x0000000010000000      0x100 /tmp/ccIrp2fB.o
                0x0000000010000100                __boot2_end__ = .
                0x0000000000000001                ASSERT (((__boot2_end__ - __boot2_start__) == 0x100), ERROR: Pico second stage bootloader must be 256 bytes in size)

.text           0x0000000010000100    0x197a8
                0x0000000010000100                __logical_binary_start = .
 *(.vectors)
 .vectors       0x0000000010000100       0xd4 CMakeFiles/pico_tag.dir/usr/share/pico-sdk/src/rp2_common/pico_standard_link/crt0.S.obj
                0x0000000010000100                __vectors
                0x0000000010000100                __VECTOR_TABLE
                0x00000000100001c0                isr_invalid
                0x00000000100001c0                __default_isrs_start
                0x00000000100001c2                isr_nmi
                0x00000000100001c4                isr_hardfault
                0x00000000100001c6                isr_svcall
                0x00000000100001c8                isr_pendsv
                0x00000000100001ca                isr_systick
                0x00000000100001cc                isr_irq30
                0x00000000100001cc                __unhandled_user_irq
                0x00000000100001cc                isr_irq13
                0x00000000100001cc                isr_irq27
                0x00000000100001cc                isr_irq31
                0x00000000100001cc                isr_irq5
                0x00000000100001cc                isr_irq11
                0x00000000100001cc                isr_irq23
                0x00000000100001cc                isr_irq18
                0x00000000100001cc                isr_irq28
                0x00000000100001cc                isr_irq19
                0x00000000100001cc                isr_irq0
                0x00000000100001cc                isr_irq6
                0x00000000100001cc                isr_irq22
                0x00000000100001cc                isr_irq17
                0x00000000100001cc                isr_irq14
                0x00000000100001cc                isr_irq2
                0x00000000100001cc                isr_irq10
                0x00000000100001cc                isr_irq8
                0x00000000100001cc                isr_irq24
                0x00000000100001cc                isr_irq1
                0x00000000100001cc                isr_irq7
                0x00000000100001cc                isr_irq21
                0x00000000100001cc                isr_irq20
                0x00000000100001cc                isr_irq15
                0x00000000100001cc                isr_irq25
                0x00000000100001cc                isr_irq4
                0x00000000100001cc                isr_irq16
                0x00000000100001cc                isr_irq29
                0x00000000100001cc                isr_irq26
                0x00000000100001cc                __default_isrs_end
                0x00000000100001cc                isr_irq3
                0x00000000100001cc                isr_irq12
                0x00000000100001cc                isr_irq9
                0x00000000100001d2                unhandled_user_irq_num_in_r0
 *(.binary_info_header)
 .binary_info_header
                0x00000000100001d4       0x14 CMakeFiles/pico_tag.dir/usr/share/pico-sdk/src/rp2_common/pico_standard_link/crt0.S.obj
                0x00000000100001e8                __binary_info_header_end = .
 *(.reset)
 .reset         0x00000000100001e8       0xa0 CMakeFiles/pico_tag.dir/usr/share/pico-sdk/src/rp2_common/pico_standard_link/crt0.S.obj
                0x00000000100001e8                _entry_point
 .reset         0x0000000010000288       0x30 CMakeFiles/pico_tag.dir/usr/share/pico-sdk/src/rp2_common/pico_standard_link/binary_info.c.obj
 *(.init)
 .init          0x00000000100002b8        0x4 /usr/lib/gcc/arm-none-eabi/12.2.0/thumb/v6-m/nofp/crti.o
                0x00000000100002b8                _init
 *(EXCLUDE_FILE(*libm.a: *libc.a:*lib_a-mem*.o *libgcc.a:) .text*)
 .text.frame_dummy
                0x00000000100002bc       0x20 /usr/lib/gcc/arm-none-eabi/12.2.0/thumb/v6-m/nofp/crtbegin.o
 .text.le_setup
                0x00000000100002dc       0x58 CMakeFiles/pico_tag.dir/src/main.c.obj
                0x00000000100002dc                le_setup
 .text.startup.main
                0x0000000010000334       0x34 CMakeFiles/pico_tag.dir/src/main.c.obj
                0x0000000010000334                main
 .text.gpio_set_function
                0x0000000010000368       0x30 CMakeFiles/pico_tag.dir/usr/share/pico-sdk/src/rp2_common/hardware_gpio/gpio.c.obj
                0x0000000010000368                gpio_set_function
 .text.gpio_set_pulls
                0x0000000010000398       0x24 CMakeFiles/pico_tag.dir/usr/share/pico-sdk/src/rp2_common/hardware_gpio/gpio.c.obj
                0x0000000010000398                gpio_set_pulls
 .text.gpio_set_input_hysteresis_enabled
                0x00000000100003bc       0x28 CMakeFiles/pico_tag.dir/usr/share/pico-sdk/src/rp2_common/hardware_gpio/gpio.c.obj
                0x00000000100003bc                gpio_set_input_hysteresis_enabled
 .text.gpio_set_irq_enabled
                0x00000000100003e4       0x54 CMakeFiles/pico_tag.dir/usr/share/pico-sdk/src/rp2_common/hardware_gpio/gpio.c.obj
                0x00000000100003e4                gpio_set_irq_enabled
 .text.gpio_add_raw_irq_handler_with_order_priority_masked
                0x0000000010000438       0x44 CMakeFiles/pico_tag.dir/usr/share/pico-sdk/src/rp2_common/hardware_gpio/gpio.c.obj
                0x0000000010000438                gpio_add_raw_irq_handler_with_order_priority_masked
 .text.gpio_remove_raw_irq_handler_masked
                0x000000001000047c       0x20 CMakeFiles/pico_tag.dir/usr/share/pico-sdk/src/rp2_common/hardware_gpio/gpio.c.obj
                0x000000001000047c                gpio_remove_raw_irq_handler_masked
 .text.gpio_init
                0x000000001000049c       0x3c CMakeFiles/pico_tag.dir/usr/share/pico-sdk/src/rp2_common/hardware_gpio/gpio.c.obj
                0x000000001000049c                gpio_init
 .text.running_on_fpga
                0x00000000100004d8       0x10 CMakeFiles/pico_tag.dir/usr/share/pico-sdk/src/rp2_common/pico_platform/platform.c.obj
                0x00000000100004d8                running_on_fpga
 .text.hw_claim_lock
                0x00000000100004e8       0x18 CMakeFiles/pico_tag.dir/usr/share/pico-sdk/src/rp2_common/hardware_claim/claim.c.obj
                0x00000000100004e8                hw_claim_lock
 .text.hw_claim_unlock
                0x0000000010000500       0x14 CMakeFiles/pico_tag.dir/usr/share/pico-sdk/src/rp2_common/hardware_claim/claim.c.obj
                0x0000000010000500                hw_claim_unlock
 .text.hw_claim_or_assert
                0x0000000010000514       0x44 CMakeFiles/pico_tag.dir/usr/share/pico-sdk/src/rp2_common/hardware_claim/claim.c.obj
                0x0000000010000514                hw_claim_or_assert
 .text.hw_claim_unused_from_range
                0x0000000010000558       0x9c CMakeFiles/pico_tag.dir/usr/share/pico-sdk/src/rp2_common/hardware_claim/claim.c.obj
                0x0000000010000558                hw_claim_unused_from_range
 .text.hw_claim_clear
                0x00000000100005f4       0x38 CMakeFiles/pico_tag.dir/usr/share/pico-sdk/src/rp2_common/hardware_claim/claim.c.obj
                0x00000000100005f4                hw_claim_clear
 .text.spin_locks_reset
                0x000000001000062c       0x1c CMakeFiles/pico_tag.dir/usr/share/pico-sdk/src/rp2_common/hardware_sync/sync.c.obj
                0x000000001000062c                spin_locks_reset
 .text.next_striped_spin_lock_num
                0x0000000010000648       0x18 CMakeFiles/pico_tag.dir/usr/share/pico-sdk/src/rp2_common/hardware_sync/sync.c.obj
                0x0000000010000648                next_striped_spin_lock_num
 .text.irq_set_enabled
                0x0000000010000660       0x24 CMakeFiles/pico_tag.dir/usr/share/pico-sdk/src/rp2_common/hardware_irq/irq.c.obj
                0x0000000010000660                irq_set_enabled
 .text.irq_set_pending
                0x0000000010000684       0x10 CMakeFiles/pico_tag.dir/usr/share/pico-sdk/src/rp2_common/hardware_irq/irq.c.obj
                0x0000000010000684                irq_set_pending
 .text.irq_get_vtable_handler
                0x0000000010000694       0x10 CMakeFiles/pico_tag.dir/usr/share/pico-sdk/src/rp2_common/hardware_irq/irq.c.obj
                0x0000000010000694                irq_get_vtable_handler
 .text.irq_set_exclusive_handler
                0x00000000100006a4       0x54 CMakeFiles/pico_tag.dir/usr/share/pico-sdk/src/rp2_common/hardware_irq/irq.c.obj
                0x00000000100006a4                irq_set_exclusive_handler
 .text.irq_add_shared_handler
                0x00000000100006f8      0x1e0 CMakeFiles/pico_tag.dir/usr/share/pico-sdk/src/rp2_common/hardware_irq/irq.c.obj
                0x00000000100006f8                irq_add_shared_handler
 .text.irq_remove_handler
                0x00000000100008d8      0x1c4 CMakeFiles/pico_tag.dir/usr/share/pico-sdk/src/rp2_common/hardware_irq/irq.c.obj
                0x00000000100008d8                irq_remove_handler
 .text.irq_set_priority
                0x0000000010000a9c       0x28 CMakeFiles/pico_tag.dir/usr/share/pico-sdk/src/rp2_common/hardware_irq/irq.c.obj
                0x0000000010000a9c                irq_set_priority
 .text.irq_add_tail_to_free_list
                0x0000000010000ac4       0xb4 CMakeFiles/pico_tag.dir/usr/share/pico-sdk/src/rp2_common/hardware_irq/irq.c.obj
                0x0000000010000ac4                irq_add_tail_to_free_list
 .text.irq_init_priorities
                0x0000000010000b78       0x24 CMakeFiles/pico_tag.dir/usr/share/pico-sdk/src/rp2_common/hardware_irq/irq.c.obj
                0x0000000010000b78                irq_init_priorities
 .text.user_irq_unclaim
                0x0000000010000b9c       0x14 CMakeFiles/pico_tag.dir/usr/share/pico-sdk/src/rp2_common/hardware_irq/irq.c.obj
                0x0000000010000b9c                user_irq_unclaim
 .text.user_irq_claim_unused
                0x0000000010000bb0       0x2c CMakeFiles/pico_tag.dir/usr/share/pico-sdk/src/rp2_common/hardware_irq/irq.c.obj
                0x0000000010000bb0                user_irq_claim_unused
 .text.sem_init
                0x0000000010000bdc       0x20 CMakeFiles/pico_tag.dir/usr/share/pico-sdk/src/common/pico_sync/sem.c.obj
                0x0000000010000bdc                sem_init
 .text.lock_init
                0x0000000010000bfc       0x10 CMakeFiles/pico_tag.dir/usr/share/pico-sdk/src/common/pico_sync/lock_core.c.obj
                0x0000000010000bfc                lock_init
 .text.mutex_init
                0x0000000010000c0c       0x1c CMakeFiles/pico_tag.dir/usr/share/pico-sdk/src/common/pico_sync/mutex.c.obj
                0x0000000010000c0c                mutex_init
 .text.recursive_mutex_init
                0x0000000010000c28       0x1c CMakeFiles/pico_tag.dir/usr/share/pico-sdk/src/common/pico_sync/mutex.c.obj
                0x0000000010000c28                recursive_mutex_init
 .text.timer_pool_entry_comparator
                0x0000000010000c44       0x34 CMakeFiles/pico_tag.dir/usr/share/pico-sdk/src/common/pico_time/time.c.obj
                0x0000000010000c44                timer_pool_entry_comparator
 .text.sleep_until_callback
                0x0000000010000c78       0x30 CMakeFiles/pico_tag.dir/usr/share/pico-sdk/src/common/pico_time/time.c.obj
 .text.add_alarm_under_lock.isra.0
                0x0000000010000ca8       0xf8 CMakeFiles/pico_tag.dir/usr/share/pico-sdk/src/common/pico_time/time.c.obj
 .text.alarm_pool_alarm_callback
                0x0000000010000da0      0x1bc CMakeFiles/pico_tag.dir/usr/share/pico-sdk/src/common/pico_time/time.c.obj
 .text.alarm_pool_init_default
                0x0000000010000f5c       0x6c CMakeFiles/pico_tag.dir/usr/share/pico-sdk/src/common/pico_time/time.c.obj
                0x0000000010000f5c                alarm_pool_init_default
 .text.alarm_pool_get_default
                0x0000000010000fc8        0x8 CMakeFiles/pico_tag.dir/usr/share/pico-sdk/src/common/pico_time/time.c.obj
                0x0000000010000fc8                alarm_pool_get_default
 .text.alarm_pool_add_alarm_at
                0x0000000010000fd0      0x17c CMakeFiles/pico_tag.dir/usr/share/pico-sdk/src/common/pico_time/time.c.obj
                0x0000000010000fd0                alarm_pool_add_alarm_at
 .text.alarm_pool_cancel_alarm
                0x000000001000114c       0x68 CMakeFiles/pico_tag.dir/usr/share/pico-sdk/src/common/pico_time/time.c.obj
                0x000000001000114c                alarm_pool_cancel_alarm
 .text.sleep_until
                0x00000000100011b4       0xc4 CMakeFiles/pico_tag.dir/usr/share/pico-sdk/src/common/pico_time/time.c.obj
                0x00000000100011b4                sleep_until
 .text.sleep_ms
                0x0000000010001278       0x38 CMakeFiles/pico_tag.dir/usr/share/pico-sdk/src/common/pico_time/time.c.obj
                0x0000000010001278                sleep_ms
 .text.best_effort_wfe_or_timeout
                0x00000000100012b0       0x60 CMakeFiles/pico_tag.dir/usr/share/pico-sdk/src/common/pico_time/time.c.obj
                0x00000000100012b0                best_effort_wfe_or_timeout
 .text.hardware_alarm_irq_handler
                0x0000000010001310       0xbc CMakeFiles/pico_tag.dir/usr/share/pico-sdk/src/rp2_common/hardware_timer/timer.c.obj
 .text.hardware_alarm_claim
                0x00000000100013cc       0x18 CMakeFiles/pico_tag.dir/usr/share/pico-sdk/src/rp2_common/hardware_timer/timer.c.obj
                0x00000000100013cc                hardware_alarm_claim
 .text.time_us_64
                0x00000000100013e4       0x14 CMakeFiles/pico_tag.dir/usr/share/pico-sdk/src/rp2_common/hardware_timer/timer.c.obj
                0x00000000100013e4                time_us_64
 .text.busy_wait_until
                0x00000000100013f8       0x20 CMakeFiles/pico_tag.dir/usr/share/pico-sdk/src/rp2_common/hardware_timer/timer.c.obj
                0x00000000100013f8                busy_wait_until
 .text.hardware_alarm_set_callback
                0x0000000010001418       0x8c CMakeFiles/pico_tag.dir/usr/share/pico-sdk/src/rp2_common/hardware_timer/timer.c.obj
                0x0000000010001418                hardware_alarm_set_callback
 .text.hardware_alarm_set_target
                0x00000000100014a4       0xdc CMakeFiles/pico_tag.dir/usr/share/pico-sdk/src/rp2_common/hardware_timer/timer.c.obj
                0x00000000100014a4                hardware_alarm_set_target
 .text.hardware_alarm_cancel
                0x0000000010001580       0x3c CMakeFiles/pico_tag.dir/usr/share/pico-sdk/src/rp2_common/hardware_timer/timer.c.obj
                0x0000000010001580                hardware_alarm_cancel
 .text.ph_merge_nodes
                0x00000000100015bc       0x58 CMakeFiles/pico_tag.dir/usr/share/pico-sdk/src/common/pico_util/pheap.c.obj
 .text.ph_post_alloc_init
                0x0000000010001614       0x3c CMakeFiles/pico_tag.dir/usr/share/pico-sdk/src/common/pico_util/pheap.c.obj
                0x0000000010001614                ph_post_alloc_init
 .text.ph_merge_two_pass
                0x0000000010001650       0x8c CMakeFiles/pico_tag.dir/usr/share/pico-sdk/src/common/pico_util/pheap.c.obj
                0x0000000010001650                ph_merge_two_pass
 .text.ph_remove_any_head
                0x00000000100016dc      0x100 CMakeFiles/pico_tag.dir/usr/share/pico-sdk/src/common/pico_util/pheap.c.obj
 .text.ph_remove_head
                0x00000000100017dc      0x104 CMakeFiles/pico_tag.dir/usr/share/pico-sdk/src/common/pico_util/pheap.c.obj
                0x00000000100017dc                ph_remove_head
 .text.ph_remove_and_free_node
                0x00000000100018e0       0x78 CMakeFiles/pico_tag.dir/usr/share/pico-sdk/src/common/pico_util/pheap.c.obj
                0x00000000100018e0                ph_remove_and_free_node
 .text.uart_init
                0x0000000010001958       0xe0 CMakeFiles/pico_tag.dir/usr/share/pico-sdk/src/rp2_common/hardware_uart/uart.c.obj
                0x0000000010001958                uart_init
 .text.clocks_init
                0x0000000010001a38      0x2b4 CMakeFiles/pico_tag.dir/usr/share/pico-sdk/src/rp2_common/hardware_clocks/clocks.c.obj
                0x0000000010001a38                clocks_init
 .text.clock_get_hz
                0x0000000010001cec        0xc CMakeFiles/pico_tag.dir/usr/share/pico-sdk/src/rp2_common/hardware_clocks/clocks.c.obj
                0x0000000010001cec                clock_get_hz
 .text.pll_init
                0x0000000010001cf8       0xa8 CMakeFiles/pico_tag.dir/usr/share/pico-sdk/src/rp2_common/hardware_pll/pll.c.obj
                0x0000000010001cf8                pll_init
 .text.watchdog_start_tick
                0x0000000010001da0       0x10 CMakeFiles/pico_tag.dir/usr/share/pico-sdk/src/rp2_common/hardware_watchdog/watchdog.c.obj
                0x0000000010001da0                watchdog_start_tick
 .text.xosc_init
                0x0000000010001db0       0x28 CMakeFiles/pico_tag.dir/usr/share/pico-sdk/src/rp2_common/hardware_xosc/xosc.c.obj
                0x0000000010001db0                xosc_init
 .text.runtime_init
                0x0000000010001dd8       0xec CMakeFiles/pico_tag.dir/usr/share/pico-sdk/src/rp2_common/pico_runtime/runtime.c.obj
                0x0000000010001dd8                runtime_init
 .text._exit    0x0000000010001ec4        0x4 CMakeFiles/pico_tag.dir/usr/share/pico-sdk/src/rp2_common/pico_runtime/runtime.c.obj
                0x0000000010001ec4                _exit
 .text._sbrk    0x0000000010001ec8       0x34 CMakeFiles/pico_tag.dir/usr/share/pico-sdk/src/rp2_common/pico_runtime/runtime.c.obj
                0x0000000010001ec8                _sbrk
 .text.exit     0x0000000010001efc        0x8 CMakeFiles/pico_tag.dir/usr/share/pico-sdk/src/rp2_common/pico_runtime/runtime.c.obj
                0x0000000010001efc                exit
 .text.panic    0x0000000010001f04       0x30 CMakeFiles/pico_tag.dir/usr/share/pico-sdk/src/rp2_common/pico_runtime/runtime.c.obj
                0x0000000010001f04                panic
 .text.hard_assertion_failure
                0x0000000010001f34        0xc CMakeFiles/pico_tag.dir/usr/share/pico-sdk/src/rp2_common/pico_runtime/runtime.c.obj
                0x0000000010001f34                hard_assertion_failure
 .text._out_null
                0x0000000010001f40        0x4 CMakeFiles/pico_tag.dir/usr/share/pico-sdk/src/rp2_common/pico_printf/printf.c.obj
 .text._out_rev
                0x0000000010001f44       0x90 CMakeFiles/pico_tag.dir/usr/share/pico-sdk/src/rp2_common/pico_printf/printf.c.obj
 .text._ntoa_format
                0x0000000010001fd4      0x208 CMakeFiles/pico_tag.dir/usr/share/pico-sdk/src/rp2_common/pico_printf/printf.c.obj
 .text._out_char
                0x00000000100021dc       0x10 CMakeFiles/pico_tag.dir/usr/share/pico-sdk/src/rp2_common/pico_printf/printf.c.obj
 .text._out_fct
                0x00000000100021ec       0x10 CMakeFiles/pico_tag.dir/usr/share/pico-sdk/src/rp2_common/pico_printf/printf.c.obj
 .text._etoa    0x00000000100021fc      0x464 CMakeFiles/pico_tag.dir/usr/share/pico-sdk/src/rp2_common/pico_printf/printf.c.obj
 .text._ftoa    0x0000000010002660      0x3c4 CMakeFiles/pico_tag.dir/usr/share/pico-sdk/src/rp2_common/pico_printf/printf.c.obj
 .text._vsnprintf
                0x0000000010002a24      0xc18 CMakeFiles/pico_tag.dir/usr/share/pico-sdk/src/rp2_common/pico_printf/printf.c.obj
 .text.vfctprintf
                0x000000001000363c       0x20 CMakeFiles/pico_tag.dir/usr/share/pico-sdk/src/rp2_common/pico_printf/printf.c.obj
                0x000000001000363c                vfctprintf
 .text.weak_raw_vprintf
                0x000000001000365c       0x30 CMakeFiles/pico_tag.dir/usr/share/pico-sdk/src/rp2_common/pico_printf/printf.c.obj
                0x000000001000365c                weak_raw_vprintf
 .text          0x000000001000368c       0x10 CMakeFiles/pico_tag.dir/usr/share/pico-sdk/src/rp2_common/pico_bit_ops/bit_ops_aeabi.S.obj
 .text.ctzsi    0x000000001000369c        0xc CMakeFiles/pico_tag.dir/usr/share/pico-sdk/src/rp2_common/pico_bit_ops/bit_ops_aeabi.S.obj
                0x000000001000369c                __wrap___ctzsi2
 .text.rom_func_lookup
                0x00000000100036a8       0x10 CMakeFiles/pico_tag.dir/usr/share/pico-sdk/src/rp2_common/pico_bootrom/bootrom.c.obj
                0x00000000100036a8                rom_func_lookup
 .text.rom_data_lookup
                0x00000000100036b8       0x10 CMakeFiles/pico_tag.dir/usr/share/pico-sdk/src/rp2_common/pico_bootrom/bootrom.c.obj
                0x00000000100036b8                rom_data_lookup
 .text.rom_funcs_lookup
                0x00000000100036c8       0x44 CMakeFiles/pico_tag.dir/usr/share/pico-sdk/src/rp2_common/pico_bootrom/bootrom.c.obj
                0x00000000100036c8                rom_funcs_lookup
 .text.__wrap___aeabi_idiv
                0x000000001000370c       0x50 CMakeFiles/pico_tag.dir/usr/share/pico-sdk/src/rp2_common/pico_divider/divider.S.obj
                0x000000001000370c                __wrap___aeabi_idivmod
                0x000000001000370c                divmod_s32s32
                0x000000001000370c                div_s32s32
                0x000000001000370c                __wrap___aeabi_idiv
                0x0000000010003714                divmod_s32s32_unsafe
                0x0000000010003740                divmod_s32s32_savestate
 .text.__wrap___aeabi_uidiv
                0x000000001000375c       0x4c CMakeFiles/pico_tag.dir/usr/share/pico-sdk/src/rp2_common/pico_divider/divider.S.obj
                0x000000001000375c                __wrap___aeabi_uidiv
                0x000000001000375c                __wrap___aeabi_uidivmod
                0x000000001000375c                div_u32u32
                0x000000001000375c                divmod_u32u32
                0x0000000010003764                divmod_u32u32_unsafe
                0x000000001000378c                divmod_u32u32_savestate
 .text.__wrap___aeabi_ldiv
                0x00000000100037a8      0x424 CMakeFiles/pico_tag.dir/usr/share/pico-sdk/src/rp2_common/pico_divider/divider.S.obj
                0x00000000100037a8                div_s64s64
                0x00000000100037a8                divmod_s64s64
                0x00000000100037a8                __wrap___aeabi_ldivmod
                0x00000000100037d8                div_u64u64
                0x00000000100037d8                divmod_u64u64
                0x00000000100037d8                __wrap___aeabi_uldivmod
                0x00000000100037e8                divmod_u64u64_savestate
                0x0000000010003808                divmod_s64s64_unsafe
                0x0000000010003890                divmod_u64u64_unsafe
 .text.__wrap___aeabi_darithmetic
                0x0000000010003bcc       0x60 CMakeFiles/pico_tag.dir/usr/share/pico-sdk/src/rp2_common/pico_double/double_aeabi.S.obj
                0x0000000010003bcc                __wrap___aeabi_drsub
                0x0000000010003bd2                __wrap___aeabi_dsub
                0x0000000010003bdc                __wrap___aeabi_dadd
                0x0000000010003be6                __wrap___aeabi_ddiv
                0x0000000010003c1a                __wrap___aeabi_dmul
 .text.__wrap___aeabi_cdcmple
                0x0000000010003c2c       0x6c CMakeFiles/pico_tag.dir/usr/share/pico-sdk/src/rp2_common/pico_double/double_aeabi.S.obj
                0x0000000010003c2c                __wrap___aeabi_cdrcmple
                0x0000000010003c3c                __wrap___aeabi_cdcmple
                0x0000000010003c3c                __wrap___aeabi_cdcmpeq
 .text.__wrap___aeabi_dcmplt
                0x0000000010003c98        0xc CMakeFiles/pico_tag.dir/usr/share/pico-sdk/src/rp2_common/pico_double/double_aeabi.S.obj
                0x0000000010003c98                __wrap___aeabi_dcmplt
 .text.__wrap___aeabi_dcmpge
                0x0000000010003ca4       0x10 CMakeFiles/pico_tag.dir/usr/share/pico-sdk/src/rp2_common/pico_double/double_aeabi.S.obj
                0x0000000010003ca4                __wrap___aeabi_dcmpge
 .text.__wrap___aeabi_dcmpgt
                0x0000000010003cb4        0xa CMakeFiles/pico_tag.dir/usr/share/pico-sdk/src/rp2_common/pico_double/double_aeabi.S.obj
                0x0000000010003cb4                __wrap___aeabi_dcmpgt
 .text.__wrap___aeabi_dcmpun
                0x0000000010003cbe       0x1c CMakeFiles/pico_tag.dir/usr/share/pico-sdk/src/rp2_common/pico_double/double_aeabi.S.obj
                0x0000000010003cbe                __wrap___aeabi_dcmpun
 *fill*         0x0000000010003cda        0x2 
 .text.__wrap___aeabi_i2d
                0x0000000010003cdc       0x38 CMakeFiles/pico_tag.dir/usr/share/pico-sdk/src/rp2_common/pico_double/double_aeabi.S.obj
                0x0000000010003cdc                __wrap___aeabi_ui2d
                0x0000000010003ce4                __wrap___aeabi_i2d
 .text.__wrap___aeabi_d2iz
                0x0000000010003d14       0x48 CMakeFiles/pico_tag.dir/usr/share/pico-sdk/src/rp2_common/pico_double/double_aeabi.S.obj
                0x0000000010003d14                __wrap___aeabi_d2iz
                0x0000000010003d14                double2int_z
 .text.__wrap___aeabi_d2uiz
                0x0000000010003d5c       0x10 CMakeFiles/pico_tag.dir/usr/share/pico-sdk/src/rp2_common/pico_double/double_aeabi.S.obj
                0x0000000010003d5c                double2uint
                0x0000000010003d5c                __wrap___aeabi_d2uiz
 .text.missing_double_func_shim
                0x0000000010003d6c        0xc CMakeFiles/pico_tag.dir/usr/share/pico-sdk/src/rp2_common/pico_double/double_init_rom.c.obj
 .text.__aeabi_double_init
                0x0000000010003d78       0x94 CMakeFiles/pico_tag.dir/usr/share/pico-sdk/src/rp2_common/pico_double/double_init_rom.c.obj
                0x0000000010003d78                __aeabi_double_init
 .text.double_table_shim_on_use_helper
                0x0000000010003e0c       0x2c CMakeFiles/pico_tag.dir/usr/share/pico-sdk/src/rp2_common/pico_double/double_v1_rom_shim.S.obj
                0x0000000010003e0c                double_table_shim_on_use_helper
 .text.__aeabi_lmul
                0x0000000010003e38       0x32 CMakeFiles/pico_tag.dir/usr/share/pico-sdk/src/rp2_common/pico_int64_ops/pico_int64_ops_aeabi.S.obj
                0x0000000010003e38                __wrap___aeabi_lmul
 *fill*         0x0000000010003e6a        0x2 
 .text.missing_float_func_shim
                0x0000000010003e6c        0xc CMakeFiles/pico_tag.dir/usr/share/pico-sdk/src/rp2_common/pico_float/float_init_rom.c.obj
 .text.__aeabi_float_init
                0x0000000010003e78       0x5c CMakeFiles/pico_tag.dir/usr/share/pico-sdk/src/rp2_common/pico_float/float_init_rom.c.obj
                0x0000000010003e78                __aeabi_float_init
 .text.__wrap_malloc
                0x0000000010003ed4       0x24 CMakeFiles/pico_tag.dir/usr/share/pico-sdk/src/rp2_common/pico_malloc/pico_malloc.c.obj
                0x0000000010003ed4                __wrap_malloc
 .text.__wrap_free
                0x0000000010003ef8        0x8 CMakeFiles/pico_tag.dir/usr/share/pico-sdk/src/rp2_common/pico_malloc/pico_malloc.c.obj
                0x0000000010003ef8                __wrap_free
 .text          0x0000000010003f00       0x10 CMakeFiles/pico_tag.dir/usr/share/pico-sdk/src/rp2_common/pico_mem_ops/mem_ops_aeabi.S.obj
                0x0000000010003f00                __aeabi_mem_init
 .text.memset   0x0000000010003f10        0xc CMakeFiles/pico_tag.dir/usr/share/pico-sdk/src/rp2_common/pico_mem_ops/mem_ops_aeabi.S.obj
                0x0000000010003f10                __wrap_memset
 .text.memcpy   0x0000000010003f1c        0xc CMakeFiles/pico_tag.dir/usr/share/pico-sdk/src/rp2_common/pico_mem_ops/mem_ops_aeabi.S.obj
                0x0000000010003f1c                __wrap___aeabi_memcpy
                0x0000000010003f1c                __wrap_memcpy
 .text.stdio_out_chars_crlf
                0x0000000010003f28       0x94 CMakeFiles/pico_tag.dir/usr/share/pico-sdk/src/rp2_common/pico_stdio/stdio.c.obj
 .text.stdio_buffered_printer
                0x0000000010003fbc       0x64 CMakeFiles/pico_tag.dir/usr/share/pico-sdk/src/rp2_common/pico_stdio/stdio.c.obj
 .text.__wrap_putchar
                0x0000000010004020       0x98 CMakeFiles/pico_tag.dir/usr/share/pico-sdk/src/rp2_common/pico_stdio/stdio.c.obj
                0x0000000010004020                __wrap_putchar
 .text.__wrap_puts
                0x00000000100040b8       0xe0 CMakeFiles/pico_tag.dir/usr/share/pico-sdk/src/rp2_common/pico_stdio/stdio.c.obj
                0x00000000100040b8                __wrap_puts
 .text.stdio_set_driver_enabled
                0x0000000010004198       0x30 CMakeFiles/pico_tag.dir/usr/share/pico-sdk/src/rp2_common/pico_stdio/stdio.c.obj
                0x0000000010004198                stdio_set_driver_enabled
 .text.__wrap_vprintf
                0x00000000100041c8       0xd4 CMakeFiles/pico_tag.dir/usr/share/pico-sdk/src/rp2_common/pico_stdio/stdio.c.obj
                0x00000000100041c8                __wrap_vprintf
 .text.__wrap_printf
                0x000000001000429c       0x18 CMakeFiles/pico_tag.dir/usr/share/pico-sdk/src/rp2_common/pico_stdio/stdio.c.obj
                0x000000001000429c                __wrap_printf
 .text.stdio_init_all
                0x00000000100042b4        0xc CMakeFiles/pico_tag.dir/usr/share/pico-sdk/src/rp2_common/pico_stdio/stdio.c.obj
                0x00000000100042b4                stdio_init_all
 .text.stdio_uart_out_chars
                0x00000000100042c0       0x4c CMakeFiles/pico_tag.dir/usr/share/pico-sdk/src/rp2_common/pico_stdio_uart/stdio_uart.c.obj
 .text.stdio_uart_in_chars
                0x000000001000430c       0x90 CMakeFiles/pico_tag.dir/usr/share/pico-sdk/src/rp2_common/pico_stdio_uart/stdio_uart.c.obj
                0x000000001000430c                stdio_uart_in_chars
 .text.on_uart_rx
                0x000000001000439c       0x28 CMakeFiles/pico_tag.dir/usr/share/pico-sdk/src/rp2_common/pico_stdio_uart/stdio_uart.c.obj
 .text.stdio_uart_set_chars_available_callback
                0x00000000100043c4       0x8c CMakeFiles/pico_tag.dir/usr/share/pico-sdk/src/rp2_common/pico_stdio_uart/stdio_uart.c.obj
 .text.stdio_uart_init
                0x0000000010004450       0x48 CMakeFiles/pico_tag.dir/usr/share/pico-sdk/src/rp2_common/pico_stdio_uart/stdio_uart.c.obj
                0x0000000010004450                stdio_uart_init
 .text.le_device_db_init
                0x0000000010004498       0x28 CMakeFiles/pico_tag.dir/usr/share/pico-sdk/lib/btstack/src/ble/le_device_db_tlv.c.obj
                0x0000000010004498                le_device_db_init
 .text.le_device_db_set_local_bd_addr
                0x00000000100044c0        0x4 CMakeFiles/pico_tag.dir/usr/share/pico-sdk/lib/btstack/src/ble/le_device_db_tlv.c.obj
                0x00000000100044c0                le_device_db_set_local_bd_addr
 .text.le_device_db_max_count
                0x00000000100044c4        0x4 CMakeFiles/pico_tag.dir/usr/share/pico-sdk/lib/btstack/src/ble/le_device_db_tlv.c.obj
                0x00000000100044c4                le_device_db_max_count
 .text.le_device_db_remove
                0x00000000100044c8       0x44 CMakeFiles/pico_tag.dir/usr/share/pico-sdk/lib/btstack/src/ble/le_device_db_tlv.c.obj
                0x00000000100044c8                le_device_db_remove
 .text.le_device_db_add
                0x000000001000450c      0x1ac CMakeFiles/pico_tag.dir/usr/share/pico-sdk/lib/btstack/src/ble/le_device_db_tlv.c.obj
                0x000000001000450c                le_device_db_add
 .text.le_device_db_info
                0x00000000100046b8       0x6c CMakeFiles/pico_tag.dir/usr/share/pico-sdk/lib/btstack/src/ble/le_device_db_tlv.c.obj
                0x00000000100046b8                le_device_db_info
 .text.le_device_db_encryption_set
                0x0000000010004724       0xf0 CMakeFiles/pico_tag.dir/usr/share/pico-sdk/lib/btstack/src/ble/le_device_db_tlv.c.obj
                0x0000000010004724                le_device_db_encryption_set
 .text.le_device_db_encryption_get
                0x0000000010004814       0xe0 CMakeFiles/pico_tag.dir/usr/share/pico-sdk/lib/btstack/src/ble/le_device_db_tlv.c.obj
                0x0000000010004814                le_device_db_encryption_get
 .text.le_device_db_tlv_configure
                0x00000000100048f4       0xa8 CMakeFiles/pico_tag.dir/usr/share/pico-sdk/lib/btstack/src/ble/le_device_db_tlv.c.obj
                0x00000000100048f4                le_device_db_tlv_configure
 .text.sm_handle_random_result_ph3_random
                0x000000001000499c       0x64 CMakeFiles/pico_tag.dir/usr/share/pico-sdk/lib/btstack/src/ble/sm.c.obj
 .text.sm_handle_encryption_result_enc_c
                0x0000000010004a00      0x134 CMakeFiles/pico_tag.dir/usr/share/pico-sdk/lib/btstack/src/ble/sm.c.obj
 .text.sm_handle_encryption_result_enc_ph3_ltk
                0x0000000010004b34       0x90 CMakeFiles/pico_tag.dir/usr/share/pico-sdk/lib/btstack/src/ble/sm.c.obj
 .text.sm_handle_encryption_result_enc_a
                0x0000000010004bc4      0x12c CMakeFiles/pico_tag.dir/usr/share/pico-sdk/lib/btstack/src/ble/sm.c.obj
 .text.sm_handle_encryption_result_enc_ph3_y
                0x0000000010004cf0       0xe8 CMakeFiles/pico_tag.dir/usr/share/pico-sdk/lib/btstack/src/ble/sm.c.obj
 .text.sm_handle_encryption_result_enc_ph4_y
                0x0000000010004dd8       0xdc CMakeFiles/pico_tag.dir/usr/share/pico-sdk/lib/btstack/src/ble/sm.c.obj
 .text.sm_handle_encryption_result_dkg_irk
                0x0000000010004eb4       0x50 CMakeFiles/pico_tag.dir/usr/share/pico-sdk/lib/btstack/src/ble/sm.c.obj
 .text.sm_handle_encryption_result_dkg_dhk
                0x0000000010004f04       0x50 CMakeFiles/pico_tag.dir/usr/share/pico-sdk/lib/btstack/src/ble/sm.c.obj
 .text.sm_handle_random_result_ph2_random
                0x0000000010004f54       0x40 CMakeFiles/pico_tag.dir/usr/share/pico-sdk/lib/btstack/src/ble/sm.c.obj
 .text.sm_handle_encryption_result_rau
                0x0000000010004f94       0x58 CMakeFiles/pico_tag.dir/usr/share/pico-sdk/lib/btstack/src/ble/sm.c.obj
 .text.sm_handle_encryption_result_enc_b
                0x0000000010004fec       0x58 CMakeFiles/pico_tag.dir/usr/share/pico-sdk/lib/btstack/src/ble/sm.c.obj
 .text.sm_handle_random_result_rau
                0x0000000010005044       0x60 CMakeFiles/pico_tag.dir/usr/share/pico-sdk/lib/btstack/src/ble/sm.c.obj
 .text.sm_handle_encryption_result_enc_ph4_ltk
                0x00000000100050a4       0x74 CMakeFiles/pico_tag.dir/usr/share/pico-sdk/lib/btstack/src/ble/sm.c.obj
 .text.sm_handle_encryption_result_enc_stk
                0x0000000010005118       0x74 CMakeFiles/pico_tag.dir/usr/share/pico-sdk/lib/btstack/src/ble/sm.c.obj
 .text.sm_pairing_started.part.0
                0x000000001000518c       0x74 CMakeFiles/pico_tag.dir/usr/share/pico-sdk/lib/btstack/src/ble/sm.c.obj
 .text.sm_handle_random_result_ph3_div
                0x0000000010005200       0x7c CMakeFiles/pico_tag.dir/usr/share/pico-sdk/lib/btstack/src/ble/sm.c.obj
 .text.sm_pairing_complete.part.0
                0x000000001000527c       0x80 CMakeFiles/pico_tag.dir/usr/share/pico-sdk/lib/btstack/src/ble/sm.c.obj
 .text.sm_trigger_user_response_basic.constprop.0
                0x00000000100052fc       0x78 CMakeFiles/pico_tag.dir/usr/share/pico-sdk/lib/btstack/src/ble/sm.c.obj
 .text.sm_handle_random_result_ir
                0x0000000010005374       0xb4 CMakeFiles/pico_tag.dir/usr/share/pico-sdk/lib/btstack/src/ble/sm.c.obj
 .text.sm_handle_random_result_ph2_tk
                0x0000000010005428       0x88 CMakeFiles/pico_tag.dir/usr/share/pico-sdk/lib/btstack/src/ble/sm.c.obj
 .text.sm_reencryption_started.part.0
                0x00000000100054b0       0x94 CMakeFiles/pico_tag.dir/usr/share/pico-sdk/lib/btstack/src/ble/sm.c.obj
 .text.sm_reencryption_complete.part.0
                0x0000000010005544       0x98 CMakeFiles/pico_tag.dir/usr/share/pico-sdk/lib/btstack/src/ble/sm.c.obj
 .text.gap_random_address_update_handler
                0x00000000100055dc       0x8c CMakeFiles/pico_tag.dir/usr/share/pico-sdk/lib/btstack/src/ble/sm.c.obj
 .text.sm_key_distribution_complete_responder
                0x0000000010005668       0xd0 CMakeFiles/pico_tag.dir/usr/share/pico-sdk/lib/btstack/src/ble/sm.c.obj
 .text.sm_handle_encryption_result_enc_d
                0x0000000010005738       0x7c CMakeFiles/pico_tag.dir/usr/share/pico-sdk/lib/btstack/src/ble/sm.c.obj
 .text.sm_handle_random_result_er
                0x00000000100057b4      0x11c CMakeFiles/pico_tag.dir/usr/share/pico-sdk/lib/btstack/src/ble/sm.c.obj
 .text.sm_address_resolution_handle_event
                0x00000000100058d0      0x268 CMakeFiles/pico_tag.dir/usr/share/pico-sdk/lib/btstack/src/ble/sm.c.obj
 .text.sm_handle_encryption_result_address_resolution
                0x0000000010005b38       0x8c CMakeFiles/pico_tag.dir/usr/share/pico-sdk/lib/btstack/src/ble/sm.c.obj
 .text.sm_key_distribution_handle_all_received
                0x0000000010005bc4      0x410 CMakeFiles/pico_tag.dir/usr/share/pico-sdk/lib/btstack/src/ble/sm.c.obj
 .text.sm_handle_encryption_result_enc_csrk
                0x0000000010005fd4       0xe0 CMakeFiles/pico_tag.dir/usr/share/pico-sdk/lib/btstack/src/ble/sm.c.obj
 .text.sm_run   0x00000000100060b4     0x1338 CMakeFiles/pico_tag.dir/usr/share/pico-sdk/lib/btstack/src/ble/sm.c.obj
 .text.sm_pdu_handler
                0x00000000100073ec      0x34c CMakeFiles/pico_tag.dir/usr/share/pico-sdk/lib/btstack/src/ble/sm.c.obj
 .text.sm_timeout_handler
                0x0000000010007738      0x188 CMakeFiles/pico_tag.dir/usr/share/pico-sdk/lib/btstack/src/ble/sm.c.obj
 .text.sm_run_timer_handler
                0x00000000100078c0        0x8 CMakeFiles/pico_tag.dir/usr/share/pico-sdk/lib/btstack/src/ble/sm.c.obj
 .text.sm_init  0x00000000100078c8      0x10c CMakeFiles/pico_tag.dir/usr/share/pico-sdk/lib/btstack/src/ble/sm.c.obj
                0x00000000100078c8                sm_init
 .text.gap_random_address_set_mode
                0x00000000100079d4       0xa0 CMakeFiles/pico_tag.dir/usr/share/pico-sdk/lib/btstack/src/ble/sm.c.obj
                0x00000000100079d4                gap_random_address_set_mode
 .text.gap_random_address_set
                0x0000000010007a74       0xbc CMakeFiles/pico_tag.dir/usr/share/pico-sdk/lib/btstack/src/ble/sm.c.obj
                0x0000000010007a74                gap_random_address_set
 .text.sm_event_packet_handler
                0x0000000010007b30      0x66c CMakeFiles/pico_tag.dir/usr/share/pico-sdk/lib/btstack/src/ble/sm.c.obj
 .text.gap_advertisements_set_params
                0x000000001000819c       0x1c CMakeFiles/pico_tag.dir/usr/share/pico-sdk/lib/btstack/src/ble/sm.c.obj
                0x000000001000819c                gap_advertisements_set_params
 .text.default_RNG
                0x00000000100081b8        0x4 CMakeFiles/pico_tag.dir/usr/share/pico-sdk/lib/btstack/3rd-party/micro-ecc/uECC.c.obj
 .text.vli_mult
                0x00000000100081bc      0x4cc CMakeFiles/pico_tag.dir/usr/share/pico-sdk/lib/btstack/3rd-party/micro-ecc/uECC.c.obj
 .text.vli_mmod_fast
                0x0000000010008688      0x6fc CMakeFiles/pico_tag.dir/usr/share/pico-sdk/lib/btstack/3rd-party/micro-ecc/uECC.c.obj
 .text.vli_modAdd.constprop.0
                0x0000000010008d84      0x178 CMakeFiles/pico_tag.dir/usr/share/pico-sdk/lib/btstack/3rd-party/micro-ecc/uECC.c.obj
 .text.XYcZ_add
                0x0000000010008efc      0x988 CMakeFiles/pico_tag.dir/usr/share/pico-sdk/lib/btstack/3rd-party/micro-ecc/uECC.c.obj
 .text.XYcZ_addC
                0x0000000010009884      0xbdc CMakeFiles/pico_tag.dir/usr/share/pico-sdk/lib/btstack/3rd-party/micro-ecc/uECC.c.obj
 .text.EccPoint_mult.constprop.0
                0x000000001000a460     0x163c CMakeFiles/pico_tag.dir/usr/share/pico-sdk/lib/btstack/3rd-party/micro-ecc/uECC.c.obj
 .text.EccPoint_compute_public_key
                0x000000001000ba9c      0x2b4 CMakeFiles/pico_tag.dir/usr/share/pico-sdk/lib/btstack/3rd-party/micro-ecc/uECC.c.obj
 .text.uECC_set_rng
                0x000000001000bd50        0xc CMakeFiles/pico_tag.dir/usr/share/pico-sdk/lib/btstack/3rd-party/micro-ecc/uECC.c.obj
                0x000000001000bd50                uECC_set_rng
 .text.uECC_make_key
                0x000000001000bd5c      0x1fc CMakeFiles/pico_tag.dir/usr/share/pico-sdk/lib/btstack/3rd-party/micro-ecc/uECC.c.obj
                0x000000001000bd5c                uECC_make_key
 .text.uECC_shared_secret
                0x000000001000bf58      0x578 CMakeFiles/pico_tag.dir/usr/share/pico-sdk/lib/btstack/3rd-party/micro-ecc/uECC.c.obj
                0x000000001000bf58                uECC_shared_secret
 .text.rijndaelSetupEncrypt
                0x000000001000c4d0      0x488 CMakeFiles/pico_tag.dir/usr/share/pico-sdk/lib/btstack/3rd-party/rijndael/rijndael.c.obj
                0x000000001000c4d0                rijndaelSetupEncrypt
 .text.rijndaelEncrypt
                0x000000001000c958      0xb1c CMakeFiles/pico_tag.dir/usr/share/pico-sdk/lib/btstack/3rd-party/rijndael/rijndael.c.obj
                0x000000001000c958                rijndaelEncrypt
 .text.btstack_tlv_flash_bank_write
                0x000000001000d474       0x80 CMakeFiles/pico_tag.dir/usr/share/pico-sdk/lib/btstack/platform/embedded/btstack_tlv_flash_bank.c.obj
 .text.btstack_tlv_flash_bank_read
                0x000000001000d4f4       0x7c CMakeFiles/pico_tag.dir/usr/share/pico-sdk/lib/btstack/platform/embedded/btstack_tlv_flash_bank.c.obj
 .text.btstack_tlv_flash_bank_delete_tag_until_offset
                0x000000001000d570       0xdc CMakeFiles/pico_tag.dir/usr/share/pico-sdk/lib/btstack/platform/embedded/btstack_tlv_flash_bank.c.obj
 .text.btstack_tlv_flash_bank_delete_tag
                0x000000001000d64c        0xc CMakeFiles/pico_tag.dir/usr/share/pico-sdk/lib/btstack/platform/embedded/btstack_tlv_flash_bank.c.obj
 .text.tlv_iterator_fetch_next
                0x000000001000d658       0x64 CMakeFiles/pico_tag.dir/usr/share/pico-sdk/lib/btstack/platform/embedded/btstack_tlv_flash_bank.c.obj
 .text.btstack_tlv_flash_bank_get_tag
                0x000000001000d6bc       0xec CMakeFiles/pico_tag.dir/usr/share/pico-sdk/lib/btstack/platform/embedded/btstack_tlv_flash_bank.c.obj
 .text.btstack_tlv_flash_bank_test_erased
                0x000000001000d7a8      0x124 CMakeFiles/pico_tag.dir/usr/share/pico-sdk/lib/btstack/platform/embedded/btstack_tlv_flash_bank.c.obj
 .text.btstack_tlv_flash_bank_migrate
                0x000000001000d8cc      0x1a4 CMakeFiles/pico_tag.dir/usr/share/pico-sdk/lib/btstack/platform/embedded/btstack_tlv_flash_bank.c.obj
 .text.btstack_tlv_flash_bank_store_tag
                0x000000001000da70       0xec CMakeFiles/pico_tag.dir/usr/share/pico-sdk/lib/btstack/platform/embedded/btstack_tlv_flash_bank.c.obj
 .text.btstack_tlv_flash_bank_init_instance
                0x000000001000db5c      0x250 CMakeFiles/pico_tag.dir/usr/share/pico-sdk/lib/btstack/platform/embedded/btstack_tlv_flash_bank.c.obj
                0x000000001000db5c                btstack_tlv_flash_bank_init_instance
 .text.sm_generate_f_rng
                0x000000001000ddac       0x70 CMakeFiles/pico_tag.dir/usr/share/pico-sdk/lib/btstack/src/btstack_crypto.c.obj
 .text.btstack_crypto_run.part.0
                0x000000001000de1c     0x100c CMakeFiles/pico_tag.dir/usr/share/pico-sdk/lib/btstack/src/btstack_crypto.c.obj
 .text.btstack_crypto_event_handler
                0x000000001000ee28      0x164 CMakeFiles/pico_tag.dir/usr/share/pico-sdk/lib/btstack/src/btstack_crypto.c.obj
 .text.btstack_crypto_random_generate
                0x000000001000ef8c       0x2c CMakeFiles/pico_tag.dir/usr/share/pico-sdk/lib/btstack/src/btstack_crypto.c.obj
                0x000000001000ef8c                btstack_crypto_random_generate
 .text.btstack_crypto_aes128_encrypt
                0x000000001000efb8       0x30 CMakeFiles/pico_tag.dir/usr/share/pico-sdk/lib/btstack/src/btstack_crypto.c.obj
                0x000000001000efb8                btstack_crypto_aes128_encrypt
 .text.btstack_crypto_init
                0x000000001000efe8       0x40 CMakeFiles/pico_tag.dir/usr/share/pico-sdk/lib/btstack/src/btstack_crypto.c.obj
                0x000000001000efe8                btstack_crypto_init
 .text.btstack_linked_list_empty
                0x000000001000f028        0xc CMakeFiles/pico_tag.dir/usr/share/pico-sdk/lib/btstack/src/btstack_linked_list.c.obj
                0x000000001000f028                btstack_linked_list_empty
 .text.btstack_linked_list_add
                0x000000001000f034       0x24 CMakeFiles/pico_tag.dir/usr/share/pico-sdk/lib/btstack/src/btstack_linked_list.c.obj
                0x000000001000f034                btstack_linked_list_add
 .text.btstack_linked_list_add_tail
                0x000000001000f058       0x1c CMakeFiles/pico_tag.dir/usr/share/pico-sdk/lib/btstack/src/btstack_linked_list.c.obj
                0x000000001000f058                btstack_linked_list_add_tail
 .text.btstack_linked_list_remove
                0x000000001000f074       0x20 CMakeFiles/pico_tag.dir/usr/share/pico-sdk/lib/btstack/src/btstack_linked_list.c.obj
                0x000000001000f074                btstack_linked_list_remove
 .text.btstack_linked_list_get_first_item
                0x000000001000f094        0x4 CMakeFiles/pico_tag.dir/usr/share/pico-sdk/lib/btstack/src/btstack_linked_list.c.obj
                0x000000001000f094                btstack_linked_list_get_first_item
 .text.btstack_linked_list_pop
                0x000000001000f098       0x10 CMakeFiles/pico_tag.dir/usr/share/pico-sdk/lib/btstack/src/btstack_linked_list.c.obj
                0x000000001000f098                btstack_linked_list_pop
 .text.btstack_linked_list_iterator_init
                0x000000001000f0a8        0xc CMakeFiles/pico_tag.dir/usr/share/pico-sdk/lib/btstack/src/btstack_linked_list.c.obj
                0x000000001000f0a8                btstack_linked_list_iterator_init
 .text.btstack_linked_list_iterator_has_next
                0x000000001000f0b4       0x24 CMakeFiles/pico_tag.dir/usr/share/pico-sdk/lib/btstack/src/btstack_linked_list.c.obj
                0x000000001000f0b4                btstack_linked_list_iterator_has_next
 .text.btstack_linked_list_iterator_next
                0x000000001000f0d8       0x28 CMakeFiles/pico_tag.dir/usr/share/pico-sdk/lib/btstack/src/btstack_linked_list.c.obj
                0x000000001000f0d8                btstack_linked_list_iterator_next
 .text.btstack_linked_list_iterator_remove
                0x000000001000f100       0x10 CMakeFiles/pico_tag.dir/usr/share/pico-sdk/lib/btstack/src/btstack_linked_list.c.obj
                0x000000001000f100                btstack_linked_list_iterator_remove
 .text.btstack_memory_deinit
                0x000000001000f110        0x4 CMakeFiles/pico_tag.dir/usr/share/pico-sdk/lib/btstack/src/btstack_memory.c.obj
                0x000000001000f110                btstack_memory_deinit
 .text.btstack_memory_hci_connection_get
                0x000000001000f114       0x20 CMakeFiles/pico_tag.dir/usr/share/pico-sdk/lib/btstack/src/btstack_memory.c.obj
                0x000000001000f114                btstack_memory_hci_connection_get
 .text.btstack_memory_hci_connection_free
                0x000000001000f134       0x14 CMakeFiles/pico_tag.dir/usr/share/pico-sdk/lib/btstack/src/btstack_memory.c.obj
                0x000000001000f134                btstack_memory_hci_connection_free
 .text.btstack_memory_sm_lookup_entry_free
                0x000000001000f148       0x14 CMakeFiles/pico_tag.dir/usr/share/pico-sdk/lib/btstack/src/btstack_memory.c.obj
                0x000000001000f148                btstack_memory_sm_lookup_entry_free
 .text.btstack_memory_whitelist_entry_free
                0x000000001000f15c       0x14 CMakeFiles/pico_tag.dir/usr/share/pico-sdk/lib/btstack/src/btstack_memory.c.obj
                0x000000001000f15c                btstack_memory_whitelist_entry_free
 .text.btstack_memory_init
                0x000000001000f170       0x44 CMakeFiles/pico_tag.dir/usr/share/pico-sdk/lib/btstack/src/btstack_memory.c.obj
                0x000000001000f170                btstack_memory_init
 .text.btstack_memory_pool_create
                0x000000001000f1b4       0x38 CMakeFiles/pico_tag.dir/usr/share/pico-sdk/lib/btstack/src/btstack_memory_pool.c.obj
                0x000000001000f1b4                btstack_memory_pool_create
 .text.btstack_memory_pool_get
                0x000000001000f1ec       0x10 CMakeFiles/pico_tag.dir/usr/share/pico-sdk/lib/btstack/src/btstack_memory_pool.c.obj
                0x000000001000f1ec                btstack_memory_pool_get
 .text.btstack_memory_pool_free
                0x000000001000f1fc       0x14 CMakeFiles/pico_tag.dir/usr/share/pico-sdk/lib/btstack/src/btstack_memory_pool.c.obj
                0x000000001000f1fc                btstack_memory_pool_free
 .text.btstack_run_loop_base_init
                0x000000001000f210       0x1c CMakeFiles/pico_tag.dir/usr/share/pico-sdk/lib/btstack/src/btstack_run_loop.c.obj
                0x000000001000f210                btstack_run_loop_base_init
 .text.btstack_run_loop_base_add_data_source
                0x000000001000f22c       0x14 CMakeFiles/pico_tag.dir/usr/share/pico-sdk/lib/btstack/src/btstack_run_loop.c.obj
                0x000000001000f22c                btstack_run_loop_base_add_data_source
 .text.btstack_run_loop_base_remove_data_source
                0x000000001000f240       0x14 CMakeFiles/pico_tag.dir/usr/share/pico-sdk/lib/btstack/src/btstack_run_loop.c.obj
                0x000000001000f240                btstack_run_loop_base_remove_data_source
 .text.btstack_run_loop_base_enable_data_source_callbacks
                0x000000001000f254        0x8 CMakeFiles/pico_tag.dir/usr/share/pico-sdk/lib/btstack/src/btstack_run_loop.c.obj
                0x000000001000f254                btstack_run_loop_base_enable_data_source_callbacks
 .text.btstack_run_loop_base_disable_data_source_callbacks
                0x000000001000f25c        0x8 CMakeFiles/pico_tag.dir/usr/share/pico-sdk/lib/btstack/src/btstack_run_loop.c.obj
                0x000000001000f25c                btstack_run_loop_base_disable_data_source_callbacks
 .text.btstack_run_loop_base_remove_timer
                0x000000001000f264       0x14 CMakeFiles/pico_tag.dir/usr/share/pico-sdk/lib/btstack/src/btstack_run_loop.c.obj
                0x000000001000f264                btstack_run_loop_base_remove_timer
 .text.btstack_run_loop_base_add_timer
                0x000000001000f278       0x68 CMakeFiles/pico_tag.dir/usr/share/pico-sdk/lib/btstack/src/btstack_run_loop.c.obj
                0x000000001000f278                btstack_run_loop_base_add_timer
 .text.btstack_run_loop_base_process_timers
                0x000000001000f2e0       0x34 CMakeFiles/pico_tag.dir/usr/share/pico-sdk/lib/btstack/src/btstack_run_loop.c.obj
                0x000000001000f2e0                btstack_run_loop_base_process_timers
 .text.btstack_run_loop_base_dump_timer
                0x000000001000f314       0x3c CMakeFiles/pico_tag.dir/usr/share/pico-sdk/lib/btstack/src/btstack_run_loop.c.obj
                0x000000001000f314                btstack_run_loop_base_dump_timer
 .text.btstack_run_loop_base_get_time_until_timeout
                0x000000001000f350       0x24 CMakeFiles/pico_tag.dir/usr/share/pico-sdk/lib/btstack/src/btstack_run_loop.c.obj
                0x000000001000f350                btstack_run_loop_base_get_time_until_timeout
 .text.btstack_run_loop_base_poll_data_sources
                0x000000001000f374       0x28 CMakeFiles/pico_tag.dir/usr/share/pico-sdk/lib/btstack/src/btstack_run_loop.c.obj
                0x000000001000f374                btstack_run_loop_base_poll_data_sources
 .text.btstack_run_loop_base_add_callback
                0x000000001000f39c       0x14 CMakeFiles/pico_tag.dir/usr/share/pico-sdk/lib/btstack/src/btstack_run_loop.c.obj
                0x000000001000f39c                btstack_run_loop_base_add_callback
 .text.btstack_run_loop_base_execute_callbacks
                0x000000001000f3b0       0x1c CMakeFiles/pico_tag.dir/usr/share/pico-sdk/lib/btstack/src/btstack_run_loop.c.obj
                0x000000001000f3b0                btstack_run_loop_base_execute_callbacks
 .text.btstack_run_loop_set_timer_handler
                0x000000001000f3cc        0x4 CMakeFiles/pico_tag.dir/usr/share/pico-sdk/lib/btstack/src/btstack_run_loop.c.obj
                0x000000001000f3cc                btstack_run_loop_set_timer_handler
 .text.btstack_run_loop_set_data_source_handler
                0x000000001000f3d0        0x4 CMakeFiles/pico_tag.dir/usr/share/pico-sdk/lib/btstack/src/btstack_run_loop.c.obj
                0x000000001000f3d0                btstack_run_loop_set_data_source_handler
 .text.btstack_run_loop_enable_data_source_callbacks
                0x000000001000f3d4       0x10 CMakeFiles/pico_tag.dir/usr/share/pico-sdk/lib/btstack/src/btstack_run_loop.c.obj
                0x000000001000f3d4                btstack_run_loop_enable_data_source_callbacks
 .text.btstack_run_loop_disable_data_source_callbacks
                0x000000001000f3e4       0x10 CMakeFiles/pico_tag.dir/usr/share/pico-sdk/lib/btstack/src/btstack_run_loop.c.obj
                0x000000001000f3e4                btstack_run_loop_disable_data_source_callbacks
 .text.btstack_run_loop_add_data_source
                0x000000001000f3f4       0x10 CMakeFiles/pico_tag.dir/usr/share/pico-sdk/lib/btstack/src/btstack_run_loop.c.obj
                0x000000001000f3f4                btstack_run_loop_add_data_source
 .text.btstack_run_loop_remove_data_source
                0x000000001000f404       0x10 CMakeFiles/pico_tag.dir/usr/share/pico-sdk/lib/btstack/src/btstack_run_loop.c.obj
                0x000000001000f404                btstack_run_loop_remove_data_source
 .text.btstack_run_loop_poll_data_sources_from_irq
                0x000000001000f414       0x10 CMakeFiles/pico_tag.dir/usr/share/pico-sdk/lib/btstack/src/btstack_run_loop.c.obj
                0x000000001000f414                btstack_run_loop_poll_data_sources_from_irq
 .text.btstack_run_loop_set_timer
                0x000000001000f424       0x10 CMakeFiles/pico_tag.dir/usr/share/pico-sdk/lib/btstack/src/btstack_run_loop.c.obj
                0x000000001000f424                btstack_run_loop_set_timer
 .text.btstack_run_loop_set_timer_context
                0x000000001000f434        0x4 CMakeFiles/pico_tag.dir/usr/share/pico-sdk/lib/btstack/src/btstack_run_loop.c.obj
                0x000000001000f434                btstack_run_loop_set_timer_context
 .text.btstack_run_loop_get_timer_context
                0x000000001000f438        0x4 CMakeFiles/pico_tag.dir/usr/share/pico-sdk/lib/btstack/src/btstack_run_loop.c.obj
                0x000000001000f438                btstack_run_loop_get_timer_context
 .text.btstack_run_loop_add_timer
                0x000000001000f43c       0x10 CMakeFiles/pico_tag.dir/usr/share/pico-sdk/lib/btstack/src/btstack_run_loop.c.obj
                0x000000001000f43c                btstack_run_loop_add_timer
 .text.btstack_run_loop_remove_timer
                0x000000001000f44c       0x10 CMakeFiles/pico_tag.dir/usr/share/pico-sdk/lib/btstack/src/btstack_run_loop.c.obj
                0x000000001000f44c                btstack_run_loop_remove_timer
 .text.btstack_run_loop_execute
                0x000000001000f45c       0x10 CMakeFiles/pico_tag.dir/usr/share/pico-sdk/lib/btstack/src/btstack_run_loop.c.obj
                0x000000001000f45c                btstack_run_loop_execute
 .text.btstack_run_loop_init
                0x000000001000f46c       0x10 CMakeFiles/pico_tag.dir/usr/share/pico-sdk/lib/btstack/src/btstack_run_loop.c.obj
                0x000000001000f46c                btstack_run_loop_init
 .text.btstack_run_loop_deinit
                0x000000001000f47c        0xc CMakeFiles/pico_tag.dir/usr/share/pico-sdk/lib/btstack/src/btstack_run_loop.c.obj
                0x000000001000f47c                btstack_run_loop_deinit
 .text.btstack_tlv_set_instance
                0x000000001000f488       0x34 CMakeFiles/pico_tag.dir/usr/share/pico-sdk/lib/btstack/src/btstack_tlv.c.obj
                0x000000001000f488                btstack_tlv_set_instance
 .text.btstack_tlv_get_instance
                0x000000001000f4bc       0x18 CMakeFiles/pico_tag.dir/usr/share/pico-sdk/lib/btstack/src/btstack_tlv.c.obj
                0x000000001000f4bc                btstack_tlv_get_instance
 .text.bd_addr_copy
                0x000000001000f4d4        0xc CMakeFiles/pico_tag.dir/usr/share/pico-sdk/lib/btstack/src/btstack_util.c.obj
                0x000000001000f4d4                bd_addr_copy
 .text.little_endian_read_16
                0x000000001000f4e0        0xc CMakeFiles/pico_tag.dir/usr/share/pico-sdk/lib/btstack/src/btstack_util.c.obj
                0x000000001000f4e0                little_endian_read_16
 .text.little_endian_read_32
                0x000000001000f4ec       0x1c CMakeFiles/pico_tag.dir/usr/share/pico-sdk/lib/btstack/src/btstack_util.c.obj
                0x000000001000f4ec                little_endian_read_32
 .text.little_endian_store_16
                0x000000001000f508        0xc CMakeFiles/pico_tag.dir/usr/share/pico-sdk/lib/btstack/src/btstack_util.c.obj
                0x000000001000f508                little_endian_store_16
 .text.little_endian_store_32
                0x000000001000f514       0x20 CMakeFiles/pico_tag.dir/usr/share/pico-sdk/lib/btstack/src/btstack_util.c.obj
                0x000000001000f514                little_endian_store_32
 .text.big_endian_read_16
                0x000000001000f534       0x10 CMakeFiles/pico_tag.dir/usr/share/pico-sdk/lib/btstack/src/btstack_util.c.obj
                0x000000001000f534                big_endian_read_16
 .text.big_endian_read_32
                0x000000001000f544       0x1c CMakeFiles/pico_tag.dir/usr/share/pico-sdk/lib/btstack/src/btstack_util.c.obj
                0x000000001000f544                big_endian_read_32
 .text.big_endian_store_16
                0x000000001000f560        0xc CMakeFiles/pico_tag.dir/usr/share/pico-sdk/lib/btstack/src/btstack_util.c.obj
                0x000000001000f560                big_endian_store_16
 .text.big_endian_store_32
                0x000000001000f56c       0x20 CMakeFiles/pico_tag.dir/usr/share/pico-sdk/lib/btstack/src/btstack_util.c.obj
                0x000000001000f56c                big_endian_store_32
 .text.reverse_bytes
                0x000000001000f58c       0x18 CMakeFiles/pico_tag.dir/usr/share/pico-sdk/lib/btstack/src/btstack_util.c.obj
                0x000000001000f58c                reverse_bytes
 .text.reverse_56
                0x000000001000f5a4       0x20 CMakeFiles/pico_tag.dir/usr/share/pico-sdk/lib/btstack/src/btstack_util.c.obj
                0x000000001000f5a4                reverse_56
 .text.reverse_64
                0x000000001000f5c4       0x24 CMakeFiles/pico_tag.dir/usr/share/pico-sdk/lib/btstack/src/btstack_util.c.obj
                0x000000001000f5c4                reverse_64
 .text.reverse_128
                0x000000001000f5e8       0x44 CMakeFiles/pico_tag.dir/usr/share/pico-sdk/lib/btstack/src/btstack_util.c.obj
                0x000000001000f5e8                reverse_128
 .text.reverse_bd_addr
                0x000000001000f62c       0x1c CMakeFiles/pico_tag.dir/usr/share/pico-sdk/lib/btstack/src/btstack_util.c.obj
                0x000000001000f62c                reverse_bd_addr
 .text.btstack_is_null
                0x000000001000f648       0x20 CMakeFiles/pico_tag.dir/usr/share/pico-sdk/lib/btstack/src/btstack_util.c.obj
                0x000000001000f648                btstack_is_null
 .text.btstack_min
                0x000000001000f668        0xc CMakeFiles/pico_tag.dir/usr/share/pico-sdk/lib/btstack/src/btstack_util.c.obj
                0x000000001000f668                btstack_min
 .text.btstack_time_delta
                0x000000001000f674        0x4 CMakeFiles/pico_tag.dir/usr/share/pico-sdk/lib/btstack/src/btstack_util.c.obj
                0x000000001000f674                btstack_time_delta
 .text.log_info_hexdump
                0x000000001000f678       0xec CMakeFiles/pico_tag.dir/usr/share/pico-sdk/lib/btstack/src/btstack_util.c.obj
                0x000000001000f678                log_info_hexdump
 .text.log_info_key
                0x000000001000f764      0x1c8 CMakeFiles/pico_tag.dir/usr/share/pico-sdk/lib/btstack/src/btstack_util.c.obj
                0x000000001000f764                log_info_key
 .text.bd_addr_to_str
                0x000000001000f92c       0x78 CMakeFiles/pico_tag.dir/usr/share/pico-sdk/lib/btstack/src/btstack_util.c.obj
                0x000000001000f92c                bd_addr_to_str
 .text.btstack_replace_bd_addr_placeholder
                0x000000001000f9a4       0xe4 CMakeFiles/pico_tag.dir/usr/share/pico-sdk/lib/btstack/src/btstack_util.c.obj
                0x000000001000f9a4                btstack_replace_bd_addr_placeholder
 .text.count_set_bits_uint32
                0x000000001000fa88       0x48 CMakeFiles/pico_tag.dir/usr/share/pico-sdk/lib/btstack/src/btstack_util.c.obj
                0x000000001000fa88                count_set_bits_uint32
 .text.hci_update_advertisements_enabled_for_current_roles
                0x000000001000fad0       0xf0 CMakeFiles/pico_tag.dir/usr/share/pico-sdk/lib/btstack/src/hci.c.obj
 .text.hci_power_control_off
                0x000000001000fbc0       0x6c CMakeFiles/pico_tag.dir/usr/share/pico-sdk/lib/btstack/src/hci.c.obj
 .text.hci_power_enter_halting_state
                0x000000001000fc2c       0x88 CMakeFiles/pico_tag.dir/usr/share/pico-sdk/lib/btstack/src/hci.c.obj
 .text.hci_discard_connections
                0x000000001000fcb4      0x150 CMakeFiles/pico_tag.dir/usr/share/pico-sdk/lib/btstack/src/hci.c.obj
 .text.hci_shutdown_connection
                0x000000001000fe04       0xc8 CMakeFiles/pico_tag.dir/usr/share/pico-sdk/lib/btstack/src/hci.c.obj
 .text.hci_power_control_on
                0x000000001000fecc      0x12c CMakeFiles/pico_tag.dir/usr/share/pico-sdk/lib/btstack/src/hci.c.obj
 .text.hci_connections_get_iterator
                0x000000001000fff8       0x14 CMakeFiles/pico_tag.dir/usr/share/pico-sdk/lib/btstack/src/hci.c.obj
                0x000000001000fff8                hci_connections_get_iterator
 .text.hci_connection_for_handle
                0x000000001001000c       0x34 CMakeFiles/pico_tag.dir/usr/share/pico-sdk/lib/btstack/src/hci.c.obj
                0x000000001001000c                hci_connection_for_handle
 .text.hci_number_free_acl_slots_for_connection_type
                0x0000000010010040       0xfc CMakeFiles/pico_tag.dir/usr/share/pico-sdk/lib/btstack/src/hci.c.obj
                0x0000000010010040                hci_number_free_acl_slots_for_connection_type
 .text.hci_send_acl_packet_fragments
                0x000000001001013c      0x1e8 CMakeFiles/pico_tag.dir/usr/share/pico-sdk/lib/btstack/src/hci.c.obj
 .text.hci_can_send_command_packet_now
                0x0000000010010324       0x38 CMakeFiles/pico_tag.dir/usr/share/pico-sdk/lib/btstack/src/hci.c.obj
                0x0000000010010324                hci_can_send_command_packet_now
 .text.hci_can_send_acl_le_packet_now
                0x000000001001035c       0x38 CMakeFiles/pico_tag.dir/usr/share/pico-sdk/lib/btstack/src/hci.c.obj
                0x000000001001035c                hci_can_send_acl_le_packet_now
 .text.hci_can_send_prepared_acl_packet_now
                0x0000000010010394       0x74 CMakeFiles/pico_tag.dir/usr/share/pico-sdk/lib/btstack/src/hci.c.obj
                0x0000000010010394                hci_can_send_prepared_acl_packet_now
 .text.hci_can_send_acl_packet_now
                0x0000000010010408       0x7c CMakeFiles/pico_tag.dir/usr/share/pico-sdk/lib/btstack/src/hci.c.obj
                0x0000000010010408                hci_can_send_acl_packet_now
 .text.hci_is_packet_buffer_reserved
                0x0000000010010484       0x10 CMakeFiles/pico_tag.dir/usr/share/pico-sdk/lib/btstack/src/hci.c.obj
                0x0000000010010484                hci_is_packet_buffer_reserved
 .text.hci_reserve_packet_buffer
                0x0000000010010494       0x38 CMakeFiles/pico_tag.dir/usr/share/pico-sdk/lib/btstack/src/hci.c.obj
                0x0000000010010494                hci_reserve_packet_buffer
 .text.hci_send_acl_packet_buffer
                0x00000000100104cc      0x160 CMakeFiles/pico_tag.dir/usr/share/pico-sdk/lib/btstack/src/hci.c.obj
                0x00000000100104cc                hci_send_acl_packet_buffer
 .text.hci_get_outgoing_packet_buffer
                0x000000001001062c        0xc CMakeFiles/pico_tag.dir/usr/share/pico-sdk/lib/btstack/src/hci.c.obj
                0x000000001001062c                hci_get_outgoing_packet_buffer
 .text.gap_le_get_own_address
                0x0000000010010638       0x30 CMakeFiles/pico_tag.dir/usr/share/pico-sdk/lib/btstack/src/hci.c.obj
                0x0000000010010638                gap_le_get_own_address
 .text.gap_le_get_own_advertisements_address
                0x0000000010010668       0x30 CMakeFiles/pico_tag.dir/usr/share/pico-sdk/lib/btstack/src/hci.c.obj
                0x0000000010010668                gap_le_get_own_advertisements_address
 .text.hci_add_event_handler
                0x0000000010010698       0x14 CMakeFiles/pico_tag.dir/usr/share/pico-sdk/lib/btstack/src/hci.c.obj
                0x0000000010010698                hci_add_event_handler
 .text.hci_init
                0x00000000100106ac       0xf4 CMakeFiles/pico_tag.dir/usr/share/pico-sdk/lib/btstack/src/hci.c.obj
                0x00000000100106ac                hci_init
 .text.gap_local_bd_addr
                0x00000000100107a0       0x14 CMakeFiles/pico_tag.dir/usr/share/pico-sdk/lib/btstack/src/hci.c.obj
                0x00000000100107a0                gap_local_bd_addr
 .text.hci_send_cmd
                0x00000000100107b4      0x128 CMakeFiles/pico_tag.dir/usr/share/pico-sdk/lib/btstack/src/hci.c.obj
                0x00000000100107b4                hci_send_cmd
 .text.hci_emit_state
                0x00000000100108dc       0x74 CMakeFiles/pico_tag.dir/usr/share/pico-sdk/lib/btstack/src/hci.c.obj
                0x00000000100108dc                hci_emit_state
 .text.hci_halting_run
                0x0000000010010950      0x1c8 CMakeFiles/pico_tag.dir/usr/share/pico-sdk/lib/btstack/src/hci.c.obj
 .text.hci_halting_timeout_handler
                0x0000000010010b18       0x18 CMakeFiles/pico_tag.dir/usr/share/pico-sdk/lib/btstack/src/hci.c.obj
 .text.hci_run  0x0000000010010b30      0xe80 CMakeFiles/pico_tag.dir/usr/share/pico-sdk/lib/btstack/src/hci.c.obj
 .text.hci_initialization_timeout_handler
                0x00000000100119b0      0x140 CMakeFiles/pico_tag.dir/usr/share/pico-sdk/lib/btstack/src/hci.c.obj
 .text.packet_handler
                0x0000000010011af0     0x11ec CMakeFiles/pico_tag.dir/usr/share/pico-sdk/lib/btstack/src/hci.c.obj
 .text.hci_close
                0x0000000010012cdc       0xd0 CMakeFiles/pico_tag.dir/usr/share/pico-sdk/lib/btstack/src/hci.c.obj
                0x0000000010012cdc                hci_close
 .text.hci_power_control
                0x0000000010012dac      0x158 CMakeFiles/pico_tag.dir/usr/share/pico-sdk/lib/btstack/src/hci.c.obj
                0x0000000010012dac                hci_power_control
 .text.gap_advertisements_set_data
                0x0000000010012f04       0x28 CMakeFiles/pico_tag.dir/usr/share/pico-sdk/lib/btstack/src/hci.c.obj
                0x0000000010012f04                gap_advertisements_set_data
 .text.hci_le_advertisements_set_params
                0x0000000010012f2c       0x74 CMakeFiles/pico_tag.dir/usr/share/pico-sdk/lib/btstack/src/hci.c.obj
                0x0000000010012f2c                hci_le_advertisements_set_params
 .text.gap_advertisements_enable
                0x0000000010012fa0       0x2c CMakeFiles/pico_tag.dir/usr/share/pico-sdk/lib/btstack/src/hci.c.obj
                0x0000000010012fa0                gap_advertisements_enable
 .text.hci_le_set_own_address_type
                0x0000000010012fcc       0x50 CMakeFiles/pico_tag.dir/usr/share/pico-sdk/lib/btstack/src/hci.c.obj
                0x0000000010012fcc                hci_le_set_own_address_type
 .text.hci_le_random_address_set
                0x000000001001301c       0x34 CMakeFiles/pico_tag.dir/usr/share/pico-sdk/lib/btstack/src/hci.c.obj
                0x000000001001301c                hci_le_random_address_set
 .text.hci_get_state
                0x0000000010013050       0x10 CMakeFiles/pico_tag.dir/usr/share/pico-sdk/lib/btstack/src/hci.c.obj
                0x0000000010013050                hci_get_state
 .text.hci_cmd_create_from_template
                0x0000000010013060      0x2cc CMakeFiles/pico_tag.dir/usr/share/pico-sdk/lib/btstack/src/hci_cmd.c.obj
                0x0000000010013060                hci_cmd_create_from_template
 .text.hci_dump_packet
                0x000000001001332c       0x70 CMakeFiles/pico_tag.dir/usr/share/pico-sdk/lib/btstack/src/hci_dump.c.obj
                0x000000001001332c                hci_dump_packet
 .text.hci_dump_log
                0x000000001001339c       0x38 CMakeFiles/pico_tag.dir/usr/share/pico-sdk/lib/btstack/src/hci_dump.c.obj
                0x000000001001339c                hci_dump_log
 .text.l2cap_notify_channel_can_send
                0x00000000100133d4       0x90 CMakeFiles/pico_tag.dir/usr/share/pico-sdk/lib/btstack/src/l2cap.c.obj
 .text.l2cap_request_can_send_fix_channel_now_event
                0x0000000010013464       0x3c CMakeFiles/pico_tag.dir/usr/share/pico-sdk/lib/btstack/src/l2cap.c.obj
                0x0000000010013464                l2cap_request_can_send_fix_channel_now_event
 .text.l2cap_can_send_fixed_channel_packet_now
                0x00000000100134a0        0x8 CMakeFiles/pico_tag.dir/usr/share/pico-sdk/lib/btstack/src/l2cap.c.obj
                0x00000000100134a0                l2cap_can_send_fixed_channel_packet_now
 .text.l2cap_send_prepared_connectionless
                0x00000000100134a8       0x8c CMakeFiles/pico_tag.dir/usr/share/pico-sdk/lib/btstack/src/l2cap.c.obj
                0x00000000100134a8                l2cap_send_prepared_connectionless
 .text.l2cap_send_connectionless
                0x0000000010013534       0x50 CMakeFiles/pico_tag.dir/usr/share/pico-sdk/lib/btstack/src/l2cap.c.obj
                0x0000000010013534                l2cap_send_connectionless
 .text.l2cap_register_fixed_channel
                0x0000000010013584       0x38 CMakeFiles/pico_tag.dir/usr/share/pico-sdk/lib/btstack/src/l2cap.c.obj
                0x0000000010013584                l2cap_register_fixed_channel
 .text.btstack_cyw43_init
                0x00000000100135bc       0x44 CMakeFiles/pico_tag.dir/usr/share/pico-sdk/src/rp2_common/pico_cyw43_driver/btstack_cyw43.c.obj
                0x00000000100135bc                btstack_cyw43_init
 .text.btstack_cyw43_deinit
                0x0000000010013600       0x18 CMakeFiles/pico_tag.dir/usr/share/pico-sdk/src/rp2_common/pico_cyw43_driver/btstack_cyw43.c.obj
                0x0000000010013600                btstack_cyw43_deinit
 .text.pico_flash_bank_get_size
                0x0000000010013618        0x8 CMakeFiles/pico_tag.dir/usr/share/pico-sdk/src/rp2_common/pico_btstack/btstack_flash_bank.c.obj
 .text.pico_flash_bank_get_alignment
                0x0000000010013620        0x4 CMakeFiles/pico_tag.dir/usr/share/pico-sdk/src/rp2_common/pico_btstack/btstack_flash_bank.c.obj
 .text.pico_flash_bank_erase
                0x0000000010013624       0x20 CMakeFiles/pico_tag.dir/usr/share/pico-sdk/src/rp2_common/pico_btstack/btstack_flash_bank.c.obj
 .text.pico_flash_bank_read
                0x0000000010013644       0x30 CMakeFiles/pico_tag.dir/usr/share/pico-sdk/src/rp2_common/pico_btstack/btstack_flash_bank.c.obj
 .text.pico_flash_bank_write
                0x0000000010013674       0xec CMakeFiles/pico_tag.dir/usr/share/pico-sdk/src/rp2_common/pico_btstack/btstack_flash_bank.c.obj
 .text.pico_flash_bank_instance
                0x0000000010013760        0x8 CMakeFiles/pico_tag.dir/usr/share/pico-sdk/src/rp2_common/pico_btstack/btstack_flash_bank.c.obj
                0x0000000010013760                pico_flash_bank_instance
 .text.btstack_run_loop_async_context_execute
                0x0000000010013768       0x54 CMakeFiles/pico_tag.dir/usr/share/pico-sdk/src/rp2_common/pico_btstack/btstack_run_loop_async_context.c.obj
 .text.btstack_run_loop_async_context_trigger_exit
                0x00000000100137bc        0xc CMakeFiles/pico_tag.dir/usr/share/pico-sdk/src/rp2_common/pico_btstack/btstack_run_loop_async_context.c.obj
 .text.btstack_run_loop_async_context_poll_data_sources_from_irq
                0x00000000100137c8       0x18 CMakeFiles/pico_tag.dir/usr/share/pico-sdk/src/rp2_common/pico_btstack/btstack_run_loop_async_context.c.obj
 .text.btstack_timeout_reached
                0x00000000100137e0       0x18 CMakeFiles/pico_tag.dir/usr/share/pico-sdk/src/rp2_common/pico_btstack/btstack_run_loop_async_context.c.obj
 .text.btstack_run_loop_async_context_execute_on_main_thread
                0x00000000100137f8       0x30 CMakeFiles/pico_tag.dir/usr/share/pico-sdk/src/rp2_common/pico_btstack/btstack_run_loop_async_context.c.obj
 .text.btstack_run_loop_async_context_get_time_ms
                0x0000000010013828       0x20 CMakeFiles/pico_tag.dir/usr/share/pico-sdk/src/rp2_common/pico_btstack/btstack_run_loop_async_context.c.obj
 .text.btstack_run_loop_async_context_set_timer
                0x0000000010013848       0x50 CMakeFiles/pico_tag.dir/usr/share/pico-sdk/src/rp2_common/pico_btstack/btstack_run_loop_async_context.c.obj
 .text.btstack_run_loop_async_context_dump_timer
                0x0000000010013898       0x20 CMakeFiles/pico_tag.dir/usr/share/pico-sdk/src/rp2_common/pico_btstack/btstack_run_loop_async_context.c.obj
 .text.btstack_run_loop_async_context_remove_timer
                0x00000000100138b8       0x28 CMakeFiles/pico_tag.dir/usr/share/pico-sdk/src/rp2_common/pico_btstack/btstack_run_loop_async_context.c.obj
 .text.btstack_run_loop_async_context_add_timer
                0x00000000100138e0       0x30 CMakeFiles/pico_tag.dir/usr/share/pico-sdk/src/rp2_common/pico_btstack/btstack_run_loop_async_context.c.obj
 .text.btstack_run_loop_async_context_disable_data_source_callbacks
                0x0000000010013910       0x28 CMakeFiles/pico_tag.dir/usr/share/pico-sdk/src/rp2_common/pico_btstack/btstack_run_loop_async_context.c.obj
 .text.btstack_run_loop_async_context_enable_data_source_callbacks
                0x0000000010013938       0x28 CMakeFiles/pico_tag.dir/usr/share/pico-sdk/src/rp2_common/pico_btstack/btstack_run_loop_async_context.c.obj
 .text.btstack_run_loop_async_context_remove_data_source
                0x0000000010013960       0x28 CMakeFiles/pico_tag.dir/usr/share/pico-sdk/src/rp2_common/pico_btstack/btstack_run_loop_async_context.c.obj
 .text.btstack_run_loop_async_context_add_data_source
                0x0000000010013988       0x24 CMakeFiles/pico_tag.dir/usr/share/pico-sdk/src/rp2_common/pico_btstack/btstack_run_loop_async_context.c.obj
 .text.btstack_run_loop_async_context_init
                0x00000000100139ac       0x34 CMakeFiles/pico_tag.dir/usr/share/pico-sdk/src/rp2_common/pico_btstack/btstack_run_loop_async_context.c.obj
 .text.btstack_work_pending
                0x00000000100139e0       0xcc CMakeFiles/pico_tag.dir/usr/share/pico-sdk/src/rp2_common/pico_btstack/btstack_run_loop_async_context.c.obj
 .text.btstack_run_loop_async_context_get_instance
                0x0000000010013aac       0x10 CMakeFiles/pico_tag.dir/usr/share/pico-sdk/src/rp2_common/pico_btstack/btstack_run_loop_async_context.c.obj
                0x0000000010013aac                btstack_run_loop_async_context_get_instance
 .text.async_context_base_add_at_time_worker
                0x0000000010013abc       0x24 CMakeFiles/pico_tag.dir/usr/share/pico-sdk/src/rp2_common/pico_async_context/async_context_base.c.obj
                0x0000000010013abc                async_context_base_add_at_time_worker
 .text.async_context_base_remove_at_time_worker
                0x0000000010013ae0       0x28 CMakeFiles/pico_tag.dir/usr/share/pico-sdk/src/rp2_common/pico_async_context/async_context_base.c.obj
                0x0000000010013ae0                async_context_base_remove_at_time_worker
 .text.async_context_base_add_when_pending_worker
                0x0000000010013b08       0x24 CMakeFiles/pico_tag.dir/usr/share/pico-sdk/src/rp2_common/pico_async_context/async_context_base.c.obj
                0x0000000010013b08                async_context_base_add_when_pending_worker
 .text.async_context_base_remove_when_pending_worker
                0x0000000010013b2c       0x28 CMakeFiles/pico_tag.dir/usr/share/pico-sdk/src/rp2_common/pico_async_context/async_context_base.c.obj
                0x0000000010013b2c                async_context_base_remove_when_pending_worker
 .text.async_context_base_execute_once
                0x0000000010013b54      0x108 CMakeFiles/pico_tag.dir/usr/share/pico-sdk/src/rp2_common/pico_async_context/async_context_base.c.obj
                0x0000000010013b54                async_context_base_execute_once
 .text.cyw43_arch_set_async_context
                0x0000000010013c5c        0xc CMakeFiles/pico_tag.dir/usr/share/pico-sdk/src/rp2_common/pico_cyw43_arch/cyw43_arch.c.obj
                0x0000000010013c5c                cyw43_arch_set_async_context
 .text.cyw43_arch_async_context
                0x0000000010013c68        0xc CMakeFiles/pico_tag.dir/usr/share/pico-sdk/src/rp2_common/pico_cyw43_arch/cyw43_arch.c.obj
                0x0000000010013c68                cyw43_arch_async_context
 .text.cyw43_arch_init
                0x0000000010013c74       0x74 CMakeFiles/pico_tag.dir/usr/share/pico-sdk/src/rp2_common/pico_cyw43_arch/cyw43_arch_threadsafe_background.c.obj
                0x0000000010013c74                cyw43_arch_init
 .text.startup._retrieve_unique_id_on_boot
                0x0000000010013ce8       0x10 CMakeFiles/pico_tag.dir/usr/share/pico-sdk/src/rp2_common/pico_unique_id/unique_id.c.obj
 .text.pico_get_unique_board_id
                0x0000000010013cf8       0x10 CMakeFiles/pico_tag.dir/usr/share/pico-sdk/src/rp2_common/pico_unique_id/unique_id.c.obj
                0x0000000010013cf8                pico_get_unique_board_id
 .text.flash_get_unique_id
                0x0000000010013d08       0x40 CMakeFiles/pico_tag.dir/usr/share/pico-sdk/src/rp2_common/hardware_flash/flash.c.obj
                0x0000000010013d08                flash_get_unique_id
 .text.ns_delay.constprop.0
                0x0000000010013d48       0x20 CMakeFiles/pico_tag.dir/usr/share/pico-sdk/src/rp2_common/pico_cyw43_driver/cyw43_bus_pio_spi.c.obj
 .text.cyw43_spi_init
                0x0000000010013d68      0x1b4 CMakeFiles/pico_tag.dir/usr/share/pico-sdk/src/rp2_common/pico_cyw43_driver/cyw43_bus_pio_spi.c.obj
                0x0000000010013d68                cyw43_spi_init
 .text.cyw43_spi_deinit
                0x0000000010013f1c       0x6c CMakeFiles/pico_tag.dir/usr/share/pico-sdk/src/rp2_common/pico_cyw43_driver/cyw43_bus_pio_spi.c.obj
                0x0000000010013f1c                cyw43_spi_deinit
 .text.cyw43_spi_transfer
                0x0000000010013f88      0x3dc CMakeFiles/pico_tag.dir/usr/share/pico-sdk/src/rp2_common/pico_cyw43_driver/cyw43_bus_pio_spi.c.obj
                0x0000000010013f88                cyw43_spi_transfer
 .text.cyw43_spi_gpio_setup
                0x0000000010014364       0x3c CMakeFiles/pico_tag.dir/usr/share/pico-sdk/src/rp2_common/pico_cyw43_driver/cyw43_bus_pio_spi.c.obj
                0x0000000010014364                cyw43_spi_gpio_setup
 .text.cyw43_spi_reset
                0x00000000100143a0       0x28 CMakeFiles/pico_tag.dir/usr/share/pico-sdk/src/rp2_common/pico_cyw43_driver/cyw43_bus_pio_spi.c.obj
                0x00000000100143a0                cyw43_spi_reset
 .text.read_reg_u32_swap
                0x00000000100143c8       0x3c CMakeFiles/pico_tag.dir/usr/share/pico-sdk/src/rp2_common/pico_cyw43_driver/cyw43_bus_pio_spi.c.obj
                0x00000000100143c8                read_reg_u32_swap
 .text.cyw43_read_reg_u32
                0x0000000010014404       0x50 CMakeFiles/pico_tag.dir/usr/share/pico-sdk/src/rp2_common/pico_cyw43_driver/cyw43_bus_pio_spi.c.obj
                0x0000000010014404                cyw43_read_reg_u32
 .text.cyw43_read_reg_u16
                0x0000000010014454       0x50 CMakeFiles/pico_tag.dir/usr/share/pico-sdk/src/rp2_common/pico_cyw43_driver/cyw43_bus_pio_spi.c.obj
                0x0000000010014454                cyw43_read_reg_u16
 .text.cyw43_read_reg_u8
                0x00000000100144a4       0x50 CMakeFiles/pico_tag.dir/usr/share/pico-sdk/src/rp2_common/pico_cyw43_driver/cyw43_bus_pio_spi.c.obj
                0x00000000100144a4                cyw43_read_reg_u8
 .text.write_reg_u32_swap
                0x00000000100144f4      0x1e8 CMakeFiles/pico_tag.dir/usr/share/pico-sdk/src/rp2_common/pico_cyw43_driver/cyw43_bus_pio_spi.c.obj
                0x00000000100144f4                write_reg_u32_swap
 .text.cyw43_write_reg_u32
                0x00000000100146dc      0x208 CMakeFiles/pico_tag.dir/usr/share/pico-sdk/src/rp2_common/pico_cyw43_driver/cyw43_bus_pio_spi.c.obj
                0x00000000100146dc                cyw43_write_reg_u32
 .text.cyw43_write_reg_u16
                0x00000000100148e4      0x208 CMakeFiles/pico_tag.dir/usr/share/pico-sdk/src/rp2_common/pico_cyw43_driver/cyw43_bus_pio_spi.c.obj
                0x00000000100148e4                cyw43_write_reg_u16
 .text.cyw43_write_reg_u8
                0x0000000010014aec      0x208 CMakeFiles/pico_tag.dir/usr/share/pico-sdk/src/rp2_common/pico_cyw43_driver/cyw43_bus_pio_spi.c.obj
                0x0000000010014aec                cyw43_write_reg_u8
 .text.cyw43_read_bytes
                0x0000000010014cf4       0x7c CMakeFiles/pico_tag.dir/usr/share/pico-sdk/src/rp2_common/pico_cyw43_driver/cyw43_bus_pio_spi.c.obj
                0x0000000010014cf4                cyw43_read_bytes
 .text.cyw43_write_bytes
                0x0000000010014d70       0xbc CMakeFiles/pico_tag.dir/usr/share/pico-sdk/src/rp2_common/pico_cyw43_driver/cyw43_bus_pio_spi.c.obj
                0x0000000010014d70                cyw43_write_bytes
 .text.cyw43_set_backplane_window
                0x0000000010014e2c       0x68 CMakeFiles/pico_tag.dir/usr/share/pico-sdk/lib/cyw43-driver/src/cyw43_ll.c.obj
 .text.cyw43_ll_parse_async_event
                0x0000000010014e94      0x134 CMakeFiles/pico_tag.dir/usr/share/pico-sdk/lib/cyw43-driver/src/cyw43_ll.c.obj
 .text.cyw43_kso_set
                0x0000000010014fc8       0x80 CMakeFiles/pico_tag.dir/usr/share/pico-sdk/lib/cyw43-driver/src/cyw43_ll.c.obj
 .text.cyw43_ll_sdpcm_poll_device
                0x0000000010015048      0x244 CMakeFiles/pico_tag.dir/usr/share/pico-sdk/lib/cyw43-driver/src/cyw43_ll.c.obj
 .text.cyw43_sdpcm_send_common
                0x000000001001528c       0xf4 CMakeFiles/pico_tag.dir/usr/share/pico-sdk/lib/cyw43-driver/src/cyw43_ll.c.obj
 .text.cyw43_do_ioctl
                0x0000000010015380      0x110 CMakeFiles/pico_tag.dir/usr/share/pico-sdk/lib/cyw43-driver/src/cyw43_ll.c.obj
 .text.cyw43_do_ioctl.constprop.0
                0x0000000010015490      0x108 CMakeFiles/pico_tag.dir/usr/share/pico-sdk/lib/cyw43-driver/src/cyw43_ll.c.obj
 .text.reset_device_core.constprop.0
                0x0000000010015598      0x410 CMakeFiles/pico_tag.dir/usr/share/pico-sdk/lib/cyw43-driver/src/cyw43_ll.c.obj
 .text.cyw43_ll_init
                0x00000000100159a8       0x18 CMakeFiles/pico_tag.dir/usr/share/pico-sdk/lib/cyw43-driver/src/cyw43_ll.c.obj
                0x00000000100159a8                cyw43_ll_init
 .text.cyw43_ll_deinit
                0x00000000100159c0        0x8 CMakeFiles/pico_tag.dir/usr/share/pico-sdk/lib/cyw43-driver/src/cyw43_ll.c.obj
                0x00000000100159c0                cyw43_ll_deinit
 .text.cyw43_ll_process_packets
                0x00000000100159c8       0x68 CMakeFiles/pico_tag.dir/usr/share/pico-sdk/lib/cyw43-driver/src/cyw43_ll.c.obj
                0x00000000100159c8                cyw43_ll_process_packets
 .text.cyw43_ll_ioctl
                0x0000000010015a30       0x20 CMakeFiles/pico_tag.dir/usr/share/pico-sdk/lib/cyw43-driver/src/cyw43_ll.c.obj
                0x0000000010015a30                cyw43_ll_ioctl
 .text.cyw43_ll_bus_sleep
                0x0000000010015a50       0x34 CMakeFiles/pico_tag.dir/usr/share/pico-sdk/lib/cyw43-driver/src/cyw43_ll.c.obj
                0x0000000010015a50                cyw43_ll_bus_sleep
 .text.cyw43_ll_bus_init
                0x0000000010015a84      0xd6c CMakeFiles/pico_tag.dir/usr/share/pico-sdk/lib/cyw43-driver/src/cyw43_ll.c.obj
                0x0000000010015a84                cyw43_ll_bus_init
 .text.cyw43_ll_wifi_get_mac
                0x00000000100167f0       0x40 CMakeFiles/pico_tag.dir/usr/share/pico-sdk/lib/cyw43-driver/src/cyw43_ll.c.obj
                0x00000000100167f0                cyw43_ll_wifi_get_mac
 .text.cyw43_ll_wifi_set_wpa_auth
                0x0000000010016830       0x2c CMakeFiles/pico_tag.dir/usr/share/pico-sdk/lib/cyw43-driver/src/cyw43_ll.c.obj
                0x0000000010016830                cyw43_ll_wifi_set_wpa_auth
 .text.cyw43_ll_wifi_rejoin
                0x000000001001685c       0x1c CMakeFiles/pico_tag.dir/usr/share/pico-sdk/lib/cyw43-driver/src/cyw43_ll.c.obj
                0x000000001001685c                cyw43_ll_wifi_rejoin
 .text.cyw43_ll_has_work
                0x0000000010016878       0x14 CMakeFiles/pico_tag.dir/usr/share/pico-sdk/lib/cyw43-driver/src/cyw43_ll.c.obj
                0x0000000010016878                cyw43_ll_has_work
 .text.cyw43_ll_bt_has_work
                0x000000001001688c      0x174 CMakeFiles/pico_tag.dir/usr/share/pico-sdk/lib/cyw43-driver/src/cyw43_ll.c.obj
                0x000000001001688c                cyw43_ll_bt_has_work
 .text.cyw43_ll_write_backplane_reg
                0x0000000010016a00       0xe4 CMakeFiles/pico_tag.dir/usr/share/pico-sdk/lib/cyw43-driver/src/cyw43_ll.c.obj
                0x0000000010016a00                cyw43_ll_write_backplane_reg
 .text.cyw43_ll_read_backplane_reg
                0x0000000010016ae4       0xe4 CMakeFiles/pico_tag.dir/usr/share/pico-sdk/lib/cyw43-driver/src/cyw43_ll.c.obj
                0x0000000010016ae4                cyw43_ll_read_backplane_reg
 .text.cyw43_ll_write_backplane_mem
                0x0000000010016bc8      0x14c CMakeFiles/pico_tag.dir/usr/share/pico-sdk/lib/cyw43-driver/src/cyw43_ll.c.obj
                0x0000000010016bc8                cyw43_ll_write_backplane_mem
 .text.cyw43_ll_read_backplane_mem
                0x0000000010016d14       0xf4 CMakeFiles/pico_tag.dir/usr/share/pico-sdk/lib/cyw43-driver/src/cyw43_ll.c.obj
                0x0000000010016d14                cyw43_ll_read_backplane_mem
 .text.cyw43_poll_func
                0x0000000010016e08       0xb8 CMakeFiles/pico_tag.dir/usr/share/pico-sdk/lib/cyw43-driver/src/cyw43_ctrl.c.obj
 .text.cyw43_init
                0x0000000010016ec0       0x78 CMakeFiles/pico_tag.dir/usr/share/pico-sdk/lib/cyw43-driver/src/cyw43_ctrl.c.obj
                0x0000000010016ec0                cyw43_init
 .text.cyw43_deinit
                0x0000000010016f38       0x9c CMakeFiles/pico_tag.dir/usr/share/pico-sdk/lib/cyw43-driver/src/cyw43_ctrl.c.obj
                0x0000000010016f38                cyw43_deinit
 .text.cyw43_cb_read_host_interrupt_pin
                0x0000000010016fd4        0xc CMakeFiles/pico_tag.dir/usr/share/pico-sdk/lib/cyw43-driver/src/cyw43_ctrl.c.obj
                0x0000000010016fd4                cyw43_cb_read_host_interrupt_pin
 .text.cyw43_cb_ensure_awake
                0x0000000010016fe0        0xc CMakeFiles/pico_tag.dir/usr/share/pico-sdk/lib/cyw43-driver/src/cyw43_ctrl.c.obj
                0x0000000010016fe0                cyw43_cb_ensure_awake
 .text.cyw43_cb_process_async_event
                0x0000000010016fec      0x228 CMakeFiles/pico_tag.dir/usr/share/pico-sdk/lib/cyw43-driver/src/cyw43_ctrl.c.obj
                0x0000000010016fec                cyw43_cb_process_async_event
 .text.cyw43_bluetooth_hci_init
                0x0000000010017214       0xac CMakeFiles/pico_tag.dir/usr/share/pico-sdk/lib/cyw43-driver/src/cyw43_ctrl.c.obj
                0x0000000010017214                cyw43_bluetooth_hci_init
 .text.cyw43_bluetooth_hci_read
                0x00000000100172c0       0xec CMakeFiles/pico_tag.dir/usr/share/pico-sdk/lib/cyw43-driver/src/cyw43_ctrl.c.obj
                0x00000000100172c0                cyw43_bluetooth_hci_read
 .text.cyw43_bluetooth_hci_write
                0x00000000100173ac       0xdc CMakeFiles/pico_tag.dir/usr/share/pico-sdk/lib/cyw43-driver/src/cyw43_ctrl.c.obj
                0x00000000100173ac                cyw43_bluetooth_hci_write
 .text.cybt_hci_read
                0x0000000010017488      0x224 CMakeFiles/pico_tag.dir/usr/share/pico-sdk/src/rp2_common/pico_cyw43_driver/cybt_shared_bus/cybt_shared_bus.c.obj
 .text.cyw43_btbus_init
                0x00000000100176ac      0x1b8 CMakeFiles/pico_tag.dir/usr/share/pico-sdk/src/rp2_common/pico_cyw43_driver/cybt_shared_bus/cybt_shared_bus.c.obj
                0x00000000100176ac                cyw43_btbus_init
 .text.cyw43_btbus_write
                0x0000000010017864      0x138 CMakeFiles/pico_tag.dir/usr/share/pico-sdk/src/rp2_common/pico_cyw43_driver/cybt_shared_bus/cybt_shared_bus.c.obj
                0x0000000010017864                cyw43_btbus_write
 .text.cyw43_btbus_read
                0x000000001001799c      0x224 CMakeFiles/pico_tag.dir/usr/share/pico-sdk/src/rp2_common/pico_cyw43_driver/cybt_shared_bus/cybt_shared_bus.c.obj
                0x000000001001799c                cyw43_btbus_read
 .text.cybt_fw_download
                0x0000000010017bc0      0x29c CMakeFiles/pico_tag.dir/usr/share/pico-sdk/src/rp2_common/pico_cyw43_driver/cybt_shared_bus/cybt_shared_bus_driver.c.obj
                0x0000000010017bc0                cybt_fw_download
 .text.cybt_set_host_ready
                0x0000000010017e5c       0x28 CMakeFiles/pico_tag.dir/usr/share/pico-sdk/src/rp2_common/pico_cyw43_driver/cybt_shared_bus/cybt_shared_bus_driver.c.obj
                0x0000000010017e5c                cybt_set_host_ready
 .text.cybt_ready
                0x0000000010017e84       0x1c CMakeFiles/pico_tag.dir/usr/share/pico-sdk/src/rp2_common/pico_cyw43_driver/cybt_shared_bus/cybt_shared_bus_driver.c.obj
                0x0000000010017e84                cybt_ready
 .text.cybt_awake
                0x0000000010017ea0       0x1c CMakeFiles/pico_tag.dir/usr/share/pico-sdk/src/rp2_common/pico_cyw43_driver/cybt_shared_bus/cybt_shared_bus_driver.c.obj
                0x0000000010017ea0                cybt_awake
 .text.cybt_set_bt_awake
                0x0000000010017ebc       0x3c CMakeFiles/pico_tag.dir/usr/share/pico-sdk/src/rp2_common/pico_cyw43_driver/cybt_shared_bus/cybt_shared_bus_driver.c.obj
                0x0000000010017ebc                cybt_set_bt_awake
 .text.cybt_debug_dump
                0x0000000010017ef8       0x48 CMakeFiles/pico_tag.dir/usr/share/pico-sdk/src/rp2_common/pico_cyw43_driver/cybt_shared_bus/cybt_shared_bus_driver.c.obj
                0x0000000010017ef8                cybt_debug_dump
 .text.cybt_toggle_bt_intr
                0x0000000010017f40       0x3c CMakeFiles/pico_tag.dir/usr/share/pico-sdk/src/rp2_common/pico_cyw43_driver/cybt_shared_bus/cybt_shared_bus_driver.c.obj
                0x0000000010017f40                cybt_toggle_bt_intr
 .text.cybt_get_bt_buf_index
                0x0000000010017f7c       0x8c CMakeFiles/pico_tag.dir/usr/share/pico-sdk/src/rp2_common/pico_cyw43_driver/cybt_shared_bus/cybt_shared_bus_driver.c.obj
                0x0000000010017f7c                cybt_get_bt_buf_index
 .text.cybt_reg_write_idx
                0x0000000010018008       0x40 CMakeFiles/pico_tag.dir/usr/share/pico-sdk/src/rp2_common/pico_cyw43_driver/cybt_shared_bus/cybt_shared_bus_driver.c.obj
                0x0000000010018008                cybt_reg_write_idx
 .text.cybt_mem_write_idx
                0x0000000010018048       0x5c CMakeFiles/pico_tag.dir/usr/share/pico-sdk/src/rp2_common/pico_cyw43_driver/cybt_shared_bus/cybt_shared_bus_driver.c.obj
                0x0000000010018048                cybt_mem_write_idx
 .text.cybt_mem_read_idx
                0x00000000100180a4       0x58 CMakeFiles/pico_tag.dir/usr/share/pico-sdk/src/rp2_common/pico_cyw43_driver/cybt_shared_bus/cybt_shared_bus_driver.c.obj
                0x00000000100180a4                cybt_mem_read_idx
 .text.cybt_init_buffer
                0x00000000100180fc       0x78 CMakeFiles/pico_tag.dir/usr/share/pico-sdk/src/rp2_common/pico_cyw43_driver/cybt_shared_bus/cybt_shared_bus_driver.c.obj
                0x00000000100180fc                cybt_init_buffer